[    0.000000] kernel: Linux version 6.8.0-83-generic (buildd@lcy02-amd64-098) (x86_64-linux-gnu-gcc-13 (Ubuntu 13.3.0-6ubuntu2~24.04) 13.3.0, GNU ld (GNU Binutils for Ubuntu) 2.42) #83-Ubuntu SMP PREEMPT_DYNAMIC Fri Sep  5 21:46:54 UTC 2025 (Ubuntu 6.8.0-83.83-generic 6.8.12)
[    0.000000] kernel: Command line: BOOT_IMAGE=/vmlinuz-6.8.0-83-generic root=/dev/mapper/ubuntu--vg-ubuntu--lv ro quiet splash vt.handoff=7
[    0.000000] kernel: KERNEL supported cpus:
[    0.000000] kernel:   Intel GenuineIntel
[    0.000000] kernel:   AMD AuthenticAMD
[    0.000000] kernel:   Hygon HygonGenuine
[    0.000000] kernel:   Centaur CentaurHauls
[    0.000000] kernel:   zhaoxin   Shanghai  
[    0.000000] kernel: x86/split lock detection: #AC: crashing the kernel on kernel split_locks and warning on user-space split_locks
[    0.000000] kernel: BIOS-provided physical RAM map:
[    0.000000] kernel: BIOS-e820: [mem 0x0000000000000000-0x000000000009efff] usable
[    0.000000] kernel: BIOS-e820: [mem 0x000000000009f000-0x00000000000fffff] reserved
[    0.000000] kernel: BIOS-e820: [mem 0x0000000000100000-0x000000005dca2fff] usable
[    0.000000] kernel: BIOS-e820: [mem 0x000000005dca3000-0x0000000063cfefff] reserved
[    0.000000] kernel: BIOS-e820: [mem 0x0000000063cff000-0x0000000063efefff] ACPI NVS
[    0.000000] kernel: BIOS-e820: [mem 0x0000000063eff000-0x0000000063ffefff] ACPI data
[    0.000000] kernel: BIOS-e820: [mem 0x0000000063fff000-0x0000000063ffffff] usable
[    0.000000] kernel: BIOS-e820: [mem 0x0000000064000000-0x00000000787fffff] reserved
[    0.000000] kernel: BIOS-e820: [mem 0x00000000c0000000-0x00000000cfffffff] reserved
[    0.000000] kernel: BIOS-e820: [mem 0x00000000fed20000-0x00000000fed7ffff] reserved
[    0.000000] kernel: BIOS-e820: [mem 0x00000000ff000000-0x00000000ffdfffff] reserved
[    0.000000] kernel: BIOS-e820: [mem 0x0000000100000000-0x000000087fffffff] usable
[    0.000000] kernel: NX (Execute Disable) protection: active
[    0.000000] kernel: APIC: Static calls initialized
[    0.000000] kernel: efi: EFI v2.8 by HP
[    0.000000] kernel: efi: ACPI=0x63ffe000 ACPI 2.0=0x63ffe014 TPMFinalLog=0x63e75000 SMBIOS=0x5e40f000 ESRT=0x5e46e218 MEMATTR=0x5376d018 MOKvar=0x5e40e000 INITRD=0x53770598 RNG=0x63f32018 TPMEventLog=0x63f25018 
[    0.000000] kernel: random: crng init done
[    0.000000] kernel: efi: Remove mem480: MMIO range=[0xc0000000-0xcfffffff] (256MB) from e820 map
[    0.000000] kernel: e820: remove [mem 0xc0000000-0xcfffffff] reserved
[    0.000000] kernel: efi: Remove mem482: MMIO range=[0xff000000-0xffdfffff] (14MB) from e820 map
[    0.000000] kernel: e820: remove [mem 0xff000000-0xffdfffff] reserved
[    0.000000] kernel: secureboot: Secure boot disabled
[    0.000000] kernel: SMBIOS 3.4 present.
[    0.000000] kernel: DMI: HP HP EliteBook 840 14 inch G11 Notebook PC/8C26, BIOS W70 Ver. 01.05.00 01/03/2025
[    0.000000] kernel: tsc: Detected 2700.000 MHz processor
[    0.000000] kernel: tsc: Detected 2688.000 MHz TSC
[    0.000007] kernel: e820: update [mem 0x00000000-0x00000fff] usable ==> reserved
[    0.000009] kernel: e820: remove [mem 0x000a0000-0x000fffff] usable
[    0.000013] kernel: last_pfn = 0x880000 max_arch_pfn = 0x400000000
[    0.000017] kernel: MTRR map: 8 entries (3 fixed + 5 variable; max 23), built from 10 variable MTRRs
[    0.000019] kernel: x86/PAT: Configuration [0-7]: WB  WC  UC- UC  WB  WP  UC- WT  
[    0.000576] kernel: x2apic: enabled by BIOS, switching to x2apic ops
[    0.000577] kernel: last_pfn = 0x64000 max_arch_pfn = 0x400000000
[    0.005360] kernel: esrt: Reserving ESRT space from 0x000000005e46e218 to 0x000000005e46e2a0.
[    0.005416] kernel: Using GB pages for direct mapping
[    0.005685] kernel: secureboot: Secure boot disabled
[    0.005686] kernel: RAMDISK: [mem 0x4af95000-0x502f1fff]
[    0.006159] kernel: ACPI: Early table checksum verification disabled
[    0.006163] kernel: ACPI: RSDP 0x0000000063FFE014 000024 (v02 HPQOEM)
[    0.006168] kernel: ACPI: XSDT 0x0000000063F36228 00018C (v01 HPQOEM SLIC-BPC 00000000 INTL 01000013)
[    0.006176] kernel: ACPI: FACP 0x0000000063FB5000 000114 (v06 HPQOEM SLIC-BPC 00000000 HP   00000001)
[    0.006182] kernel: ACPI: DSDT 0x0000000063F5A000 057983 (v02 HPQOEM 8C26     00000000 INTL 20200717)
[    0.006186] kernel: ACPI: FACS 0x0000000063E40000 000040
[    0.006189] kernel: ACPI: SSDT 0x0000000063FFC000 000626 (v02 PmRef  Cpu0Ist  00003000 INTL 20200717)
[    0.006194] kernel: ACPI: SSDT 0x0000000063FFB000 0005E7 (v02 PmRef  Cpu0Hwp  00003000 INTL 20200717)
[    0.006197] kernel: ACPI: SSDT 0x0000000063FFA000 0001AB (v02 PmRef  Cpu0Psd  00003000 INTL 20200717)
[    0.006201] kernel: ACPI: SSDT 0x0000000063FF9000 000394 (v02 PmRef  Cpu0Cst  00003001 INTL 20200717)
[    0.006205] kernel: ACPI: SSDT 0x0000000063FF7000 001BAF (v02 PmRef  ApIst    00003000 INTL 20200717)
[    0.006209] kernel: ACPI: SSDT 0x0000000063FF5000 001620 (v02 PmRef  ApHwp    00003000 INTL 20200717)
[    0.006213] kernel: ACPI: SSDT 0x0000000063FF3000 001349 (v02 PmRef  ApPsd    00003000 INTL 20200717)
[    0.006217] kernel: ACPI: SSDT 0x0000000063FF2000 000FBB (v02 PmRef  ApCst    00003000 INTL 20200717)
[    0.006221] kernel: ACPI: SSDT 0x0000000063FEE000 003BC8 (v02 CpuRef CpuSsdt  00003000 INTL 20200717)
[    0.006225] kernel: ACPI: DTPR 0x0000000063FED000 000088 (v01                 00000000      00000000)
[    0.006228] kernel: ACPI: SSDT 0x0000000063FCE000 01EF56 (v02 HPQOEM PLT_RTD3 00001000 INTL 20200717)
[    0.006232] kernel: ACPI: SSDT 0x0000000063FCD000 000353 (v02 HP     NVTEC    00000001 INTL 20200717)
[    0.006236] kernel: ACPI: SSDT 0x0000000063FCC000 00013E (v02 HP     ShmTable 00000001 INTL 20200717)
[    0.006240] kernel: ACPI: SSDT 0x0000000063FCB000 000087 (v02 INTEL  PDatTabl 00001000 INTL 20200717)
[    0.006244] kernel: ACPI: RTMA 0x0000000063FCA000 00009E (v01 HP     _HBMART_ 00001000 HP   00000001)
[    0.006248] kernel: ACPI: SSDT 0x0000000063FC8000 001A39 (v02 HP     UcsiAcpi 00000001 INTL 20200717)
[    0.006252] kernel: ACPI: SSDT 0x0000000063FC7000 0000FB (v02 HP     UcsiCntr 00000001 INTL 20200717)
[    0.006256] kernel: ACPI: OEML 0x0000000063FC6000 000028 (v03 HPQOEM MTL      00000002 INTL 01000013)
[    0.006260] kernel: ACPI: SSDT 0x0000000063FC5000 0005FB (v02 HPQOEM Tpm2Tabl 00001000 INTL 20200717)
[    0.006263] kernel: ACPI: TPM2 0x0000000063FC4000 00004C (v04 HPQOEM MTL      00000002 INTL 01000013)
[    0.006267] kernel: ACPI: SSDT 0x0000000063FC0000 00258D (v02 INTEL  IgfxSsdt 00003000 INTL 20200717)
[    0.006271] kernel: ACPI: SSDT 0x0000000063FB6000 009B65 (v02 INTEL  TcssSsdt 00001000 INTL 20200717)
[    0.006275] kernel: ACPI: WSMT 0x0000000063FFD000 000028 (v01 HPQOEM 8C26     00000001 HP   00000001)
[    0.006279] kernel: ACPI: HPET 0x0000000063FB4000 000038 (v01 HPQOEM 8C26     00000001 HP   00000001)
[    0.006283] kernel: ACPI: APIC 0x0000000063FB3000 000358 (v05 HPQOEM 8C26     00000001 HP   00000001)
[    0.006287] kernel: ACPI: MCFG 0x0000000063FB2000 00003C (v01 HPQOEM 8C26     00000001 HP   00000001)
[    0.006291] kernel: ACPI: SSDT 0x0000000063F59000 000741 (v02 HPQOEM HP_XHC_P 00000000 INTL 20200717)
[    0.006294] kernel: ACPI: SSDT 0x0000000063F4B000 00C0CA (v02 DptfTb DptfTabl 00001000 INTL 20200717)
[    0.006298] kernel: ACPI: NHLT 0x0000000063F4A000 000960 (v00 HPQOEM MTL      00000002 INTL 01000013)
[    0.006302] kernel: ACPI: DMAR 0x0000000063F49000 000098 (v01 HPQOEM MTL      00000002 INTL 01000013)
[    0.006306] kernel: ACPI: FPDT 0x0000000063F48000 000044 (v01 HPQOEM MTL      00000002 INTL 01000013)
[    0.006310] kernel: ACPI: SSDT 0x0000000063F58000 00034D (v02 HPQOEM MS-SSDT  00003000 INTL 20200717)
[    0.006314] kernel: ACPI: LPIT 0x0000000063F47000 0000CC (v01 HPQOEM MTL      00000002 INTL 01000013)
[    0.006318] kernel: ACPI: SSDT 0x0000000063F44000 00281A (v02 SocGpe SocGpe   00003000 INTL 20200717)
[    0.006322] kernel: ACPI: SSDT 0x0000000063F41000 0028D3 (v02 SocCmn SocCmn   00003000 INTL 20200717)
[    0.006325] kernel: ACPI: SSDT 0x0000000063F40000 000045 (v02 HP     HPNBCONV 00001000 INTL 20200717)
[    0.006329] kernel: ACPI: SSDT 0x0000000063F3F000 000526 (v02 HP     INTTPL   00001000 INTL 20200717)
[    0.006333] kernel: ACPI: SSDT 0x0000000063F39000 005313 (v02 HP     HPINNBWL 00001000 INTL 20200717)
[    0.006337] kernel: ACPI: SSDT 0x0000000063F38000 000032 (v02 HP     HPCONDEV 00001000 INTL 20200717)
[    0.006341] kernel: ACPI: SSDT 0x0000000063F37000 000D18 (v02 HPQOEM HPPATT   00001000 INTL 20200717)
[    0.006345] kernel: ACPI: SSDT 0x0000000063FC3000 00004B (v01 HP     CAPAHWID 00001000 INTL 20200717)
[    0.006349] kernel: ACPI: BGRT 0x0000000063F35000 000038 (v01 HPQOEM MTL      00000002 INTL 01000013)
[    0.006353] kernel: ACPI: PHAT 0x0000000063F34000 000442 (v01 HPQOEM SLIC-BPC 00000005 MSFT 0100000D)
[    0.006357] kernel: ACPI: OEM3 0x0000000063F33000 0000BF (v01 HPQOEM MTL      00000001 HP   00000001)
[    0.006360] kernel: ACPI: Reserving FACP table memory at [mem 0x63fb5000-0x63fb5113]
[    0.006362] kernel: ACPI: Reserving DSDT table memory at [mem 0x63f5a000-0x63fb1982]
[    0.006363] kernel: ACPI: Reserving FACS table memory at [mem 0x63e40000-0x63e4003f]
[    0.006364] kernel: ACPI: Reserving SSDT table memory at [mem 0x63ffc000-0x63ffc625]
[    0.006366] kernel: ACPI: Reserving SSDT table memory at [mem 0x63ffb000-0x63ffb5e6]
[    0.006367] kernel: ACPI: Reserving SSDT table memory at [mem 0x63ffa000-0x63ffa1aa]
[    0.006368] kernel: ACPI: Reserving SSDT table memory at [mem 0x63ff9000-0x63ff9393]
[    0.006370] kernel: ACPI: Reserving SSDT table memory at [mem 0x63ff7000-0x63ff8bae]
[    0.006371] kernel: ACPI: Reserving SSDT table memory at [mem 0x63ff5000-0x63ff661f]
[    0.006372] kernel: ACPI: Reserving SSDT table memory at [mem 0x63ff3000-0x63ff4348]
[    0.006373] kernel: ACPI: Reserving SSDT table memory at [mem 0x63ff2000-0x63ff2fba]
[    0.006375] kernel: ACPI: Reserving SSDT table memory at [mem 0x63fee000-0x63ff1bc7]
[    0.006376] kernel: ACPI: Reserving DTPR table memory at [mem 0x63fed000-0x63fed087]
[    0.006377] kernel: ACPI: Reserving SSDT table memory at [mem 0x63fce000-0x63fecf55]
[    0.006379] kernel: ACPI: Reserving SSDT table memory at [mem 0x63fcd000-0x63fcd352]
[    0.006380] kernel: ACPI: Reserving SSDT table memory at [mem 0x63fcc000-0x63fcc13d]
[    0.006381] kernel: ACPI: Reserving SSDT table memory at [mem 0x63fcb000-0x63fcb086]
[    0.006383] kernel: ACPI: Reserving RTMA table memory at [mem 0x63fca000-0x63fca09d]
[    0.006384] kernel: ACPI: Reserving SSDT table memory at [mem 0x63fc8000-0x63fc9a38]
[    0.006385] kernel: ACPI: Reserving SSDT table memory at [mem 0x63fc7000-0x63fc70fa]
[    0.006386] kernel: ACPI: Reserving OEML table memory at [mem 0x63fc6000-0x63fc6027]
[    0.006388] kernel: ACPI: Reserving SSDT table memory at [mem 0x63fc5000-0x63fc55fa]
[    0.006389] kernel: ACPI: Reserving TPM2 table memory at [mem 0x63fc4000-0x63fc404b]
[    0.006390] kernel: ACPI: Reserving SSDT table memory at [mem 0x63fc0000-0x63fc258c]
[    0.006392] kernel: ACPI: Reserving SSDT table memory at [mem 0x63fb6000-0x63fbfb64]
[    0.006393] kernel: ACPI: Reserving WSMT table memory at [mem 0x63ffd000-0x63ffd027]
[    0.006394] kernel: ACPI: Reserving HPET table memory at [mem 0x63fb4000-0x63fb4037]
[    0.006396] kernel: ACPI: Reserving APIC table memory at [mem 0x63fb3000-0x63fb3357]
[    0.006397] kernel: ACPI: Reserving MCFG table memory at [mem 0x63fb2000-0x63fb203b]
[    0.006398] kernel: ACPI: Reserving SSDT table memory at [mem 0x63f59000-0x63f59740]
[    0.006400] kernel: ACPI: Reserving SSDT table memory at [mem 0x63f4b000-0x63f570c9]
[    0.006401] kernel: ACPI: Reserving NHLT table memory at [mem 0x63f4a000-0x63f4a95f]
[    0.006402] kernel: ACPI: Reserving DMAR table memory at [mem 0x63f49000-0x63f49097]
[    0.006404] kernel: ACPI: Reserving FPDT table memory at [mem 0x63f48000-0x63f48043]
[    0.006405] kernel: ACPI: Reserving SSDT table memory at [mem 0x63f58000-0x63f5834c]
[    0.006406] kernel: ACPI: Reserving LPIT table memory at [mem 0x63f47000-0x63f470cb]
[    0.006408] kernel: ACPI: Reserving SSDT table memory at [mem 0x63f44000-0x63f46819]
[    0.006409] kernel: ACPI: Reserving SSDT table memory at [mem 0x63f41000-0x63f438d2]
[    0.006410] kernel: ACPI: Reserving SSDT table memory at [mem 0x63f40000-0x63f40044]
[    0.006412] kernel: ACPI: Reserving SSDT table memory at [mem 0x63f3f000-0x63f3f525]
[    0.006413] kernel: ACPI: Reserving SSDT table memory at [mem 0x63f39000-0x63f3e312]
[    0.006414] kernel: ACPI: Reserving SSDT table memory at [mem 0x63f38000-0x63f38031]
[    0.006415] kernel: ACPI: Reserving SSDT table memory at [mem 0x63f37000-0x63f37d17]
[    0.006417] kernel: ACPI: Reserving SSDT table memory at [mem 0x63fc3000-0x63fc304a]
[    0.006418] kernel: ACPI: Reserving BGRT table memory at [mem 0x63f35000-0x63f35037]
[    0.006419] kernel: ACPI: Reserving PHAT table memory at [mem 0x63f34000-0x63f34441]
[    0.006421] kernel: ACPI: Reserving OEM3 table memory at [mem 0x63f33000-0x63f330be]
[    0.006478] kernel: APIC: Switched APIC routing to: cluster x2apic
[    0.006852] kernel: No NUMA configuration found
[    0.006853] kernel: Faking a node at [mem 0x0000000000000000-0x000000087fffffff]
[    0.006861] kernel: NODE_DATA(0) allocated [mem 0x87ffd5000-0x87fffffff]
[    0.007065] kernel: Zone ranges:
[    0.007067] kernel:   DMA      [mem 0x0000000000001000-0x0000000000ffffff]
[    0.007068] kernel:   DMA32    [mem 0x0000000001000000-0x00000000ffffffff]
[    0.007070] kernel:   Normal   [mem 0x0000000100000000-0x000000087fffffff]
[    0.007072] kernel:   Device   empty
[    0.007073] kernel: Movable zone start for each node
[    0.007075] kernel: Early memory node ranges
[    0.007075] kernel:   node   0: [mem 0x0000000000001000-0x000000000009efff]
[    0.007077] kernel:   node   0: [mem 0x0000000000100000-0x000000005dca2fff]
[    0.007078] kernel:   node   0: [mem 0x0000000063fff000-0x0000000063ffffff]
[    0.007079] kernel:   node   0: [mem 0x0000000100000000-0x000000087fffffff]
[    0.007082] kernel: Initmem setup node 0 [mem 0x0000000000001000-0x000000087fffffff]
[    0.007087] kernel: On node 0, zone DMA: 1 pages in unavailable ranges
[    0.007107] kernel: On node 0, zone DMA: 97 pages in unavailable ranges
[    0.009184] kernel: On node 0, zone DMA32: 25436 pages in unavailable ranges
[    0.050078] kernel: On node 0, zone Normal: 16384 pages in unavailable ranges
[    0.050623] kernel: ACPI: PM-Timer IO Port: 0x1808
[    0.050631] kernel: ACPI: X2APIC_NMI (uid[0xffffffff] high level lint[0x1])
[    0.050664] kernel: IOAPIC[0]: apic_id 2, version 32, address 0xfec00000, GSI 0-119
[    0.050667] kernel: ACPI: INT_SRC_OVR (bus 0 bus_irq 0 global_irq 2 dfl dfl)
[    0.050670] kernel: ACPI: INT_SRC_OVR (bus 0 bus_irq 9 global_irq 9 high level)
[    0.050674] kernel: ACPI: Using ACPI (MADT) for SMP configuration information
[    0.050675] kernel: ACPI: HPET id: 0x8086a201 base: 0xfed00000
[    0.050692] kernel: e820: update [mem 0x526d2000-0x52747fff] usable ==> reserved
[    0.050702] kernel: TSC deadline timer available
[    0.050703] kernel: smpboot: Allowing 14 CPUs, 0 hotplug CPUs
[    0.050712] kernel: PM: hibernation: Registered nosave memory: [mem 0x00000000-0x00000fff]
[    0.050714] kernel: PM: hibernation: Registered nosave memory: [mem 0x0009f000-0x000fffff]
[    0.050715] kernel: PM: hibernation: Registered nosave memory: [mem 0x526d2000-0x52747fff]
[    0.050716] kernel: PM: hibernation: Registered nosave memory: [mem 0x5dca3000-0x63cfefff]
[    0.050716] kernel: PM: hibernation: Registered nosave memory: [mem 0x63cff000-0x63efefff]
[    0.050717] kernel: PM: hibernation: Registered nosave memory: [mem 0x63eff000-0x63ffefff]
[    0.050718] kernel: PM: hibernation: Registered nosave memory: [mem 0x64000000-0x787fffff]
[    0.050718] kernel: PM: hibernation: Registered nosave memory: [mem 0x78800000-0xfed1ffff]
[    0.050719] kernel: PM: hibernation: Registered nosave memory: [mem 0xfed20000-0xfed7ffff]
[    0.050719] kernel: PM: hibernation: Registered nosave memory: [mem 0xfed80000-0xffffffff]
[    0.050720] kernel: [mem 0x78800000-0xfed1ffff] available for PCI devices
[    0.050721] kernel: Booting paravirtualized kernel on bare hardware
[    0.050724] kernel: clocksource: refined-jiffies: mask: 0xffffffff max_cycles: 0xffffffff, max_idle_ns: 1910969940391419 ns
[    0.050730] kernel: setup_percpu: NR_CPUS:8192 nr_cpumask_bits:14 nr_cpu_ids:14 nr_node_ids:1
[    0.051588] kernel: percpu: Embedded 86 pages/cpu s229376 r8192 d114688 u524288
[    0.051593] kernel: pcpu-alloc: s229376 r8192 d114688 u524288 alloc=1*2097152
[    0.051594] kernel: pcpu-alloc: [0] 00 01 02 03 [0] 04 05 06 07 
[    0.051598] kernel: pcpu-alloc: [0] 08 09 10 11 [0] 12 13 -- -- 
[    0.051610] kernel: Kernel command line: BOOT_IMAGE=/vmlinuz-6.8.0-83-generic root=/dev/mapper/ubuntu--vg-ubuntu--lv ro quiet splash vt.handoff=7
[    0.051665] kernel: Unknown kernel command line parameters "splash BOOT_IMAGE=/vmlinuz-6.8.0-83-generic", will be passed to user space.
[    0.054400] kernel: Dentry cache hash table entries: 4194304 (order: 13, 33554432 bytes, linear)
[    0.055766] kernel: Inode-cache hash table entries: 2097152 (order: 12, 16777216 bytes, linear)
[    0.055876] kernel: Fallback order for Node 0: 0 
[    0.055880] kernel: Built 1 zonelists, mobility grouping on.  Total pages: 8119345
[    0.055882] kernel: Policy zone: Normal
[    0.055888] kernel: mem auto-init: stack:all(zero), heap alloc:on, heap free:off
[    0.055898] kernel: software IO TLB: area num 16.
[    0.110912] kernel: Memory: 32029104K/32993544K available (22528K kernel code, 4443K rwdata, 14380K rodata, 5004K init, 4700K bss, 964180K reserved, 0K cma-reserved)
[    0.111493] kernel: SLUB: HWalign=64, Order=0-3, MinObjects=0, CPUs=14, Nodes=1
[    0.111515] kernel: ftrace: allocating 58191 entries in 228 pages
[    0.119033] kernel: ftrace: allocated 228 pages with 4 groups
[    0.119740] kernel: Dynamic Preempt: voluntary
[    0.119801] kernel: rcu: Preemptible hierarchical RCU implementation.
[    0.119801] kernel: rcu:         RCU restricting CPUs from NR_CPUS=8192 to nr_cpu_ids=14.
[    0.119802] kernel:         Trampoline variant of Tasks RCU enabled.
[    0.119803] kernel:         Rude variant of Tasks RCU enabled.
[    0.119803] kernel:         Tracing variant of Tasks RCU enabled.
[    0.119804] kernel: rcu: RCU calculated value of scheduler-enlistment delay is 100 jiffies.
[    0.119804] kernel: rcu: Adjusting geometry for rcu_fanout_leaf=16, nr_cpu_ids=14
[    0.121685] kernel: NR_IRQS: 524544, nr_irqs: 2168, preallocated irqs: 16
[    0.121979] kernel: rcu: srcu_init: Setting srcu_struct sizes based on contention.
[    0.122185] kernel: Console: colour dummy device 80x25
[    0.122188] kernel: printk: legacy console [tty0] enabled
[    0.122249] kernel: ACPI: Core revision 20230628
[    0.122805] kernel: hpet: HPET dysfunctional in PC10. Force disabled.
[    0.122845] kernel: APIC: Switch to symmetric I/O mode setup
[    0.122847] kernel: DMAR: Host address width 42
[    0.122848] kernel: DMAR: DRHD base: 0x000000fc800000 flags: 0x0
[    0.122858] kernel: DMAR: dmar0: reg_base_addr fc800000 ver 7:0 cap c9de008cee690462 ecap 12ca9a00f0ef5e
[    0.122860] kernel: DMAR: DRHD base: 0x000000fc801000 flags: 0x1
[    0.122863] kernel: DMAR: dmar1: reg_base_addr fc801000 ver 7:0 cap c9de008cee690462 ecap 12ca9a00f0efde
[    0.122865] kernel: DMAR: SATC flags: 0x1
[    0.122867] kernel: DMAR-IR: IOAPIC id 2 under DRHD base  0xfc801000 IOMMU 1
[    0.122868] kernel: DMAR-IR: HPET id 0 under DRHD base 0xfc801000
[    0.122869] kernel: DMAR-IR: Queued invalidation will be enabled to support x2apic and Intr-remapping.
[    0.124494] kernel: DMAR-IR: Enabled IRQ remapping in x2apic mode
[    0.128463] kernel: clocksource: tsc-early: mask: 0xffffffffffffffff max_cycles: 0x26bef67878b, max_idle_ns: 440795293631 ns
[    0.128471] kernel: Calibrating delay loop (skipped), value calculated using timer frequency.. 5376.00 BogoMIPS (lpj=2688000)
[    0.128526] kernel: CPU0: Thermal monitoring enabled (TM1)
[    0.128528] kernel: x86/cpu: User Mode Instruction Prevention (UMIP) activated
[    0.128688] kernel: process: using mwait in idle threads
[    0.128690] kernel: Last level iTLB entries: 4KB 0, 2MB 0, 4MB 0
[    0.128691] kernel: Last level dTLB entries: 4KB 0, 2MB 0, 4MB 0, 1GB 0
[    0.128693] kernel: Spectre V1 : Mitigation: usercopy/swapgs barriers and __user pointer sanitization
[    0.128696] kernel: Spectre V2 : Mitigation: Enhanced / Automatic IBRS
[    0.128696] kernel: Spectre V2 : Spectre v2 / SpectreRSB mitigation: Filling RSB on context switch
[    0.128698] kernel: Spectre V2 : mitigation: Enabling conditional Indirect Branch Prediction Barrier
[    0.128699] kernel: Speculative Store Bypass: Mitigation: Speculative Store Bypass disabled via prctl
[    0.128708] kernel: x86/fpu: Supporting XSAVE feature 0x001: 'x87 floating point registers'
[    0.128708] kernel: x86/fpu: Supporting XSAVE feature 0x002: 'SSE registers'
[    0.128709] kernel: x86/fpu: Supporting XSAVE feature 0x004: 'AVX registers'
[    0.128709] kernel: x86/fpu: Supporting XSAVE feature 0x200: 'Protection Keys User registers'
[    0.128710] kernel: x86/fpu: Supporting XSAVE feature 0x800: 'Control-flow User registers'
[    0.128711] kernel: x86/fpu: xstate_offset[2]:  576, xstate_sizes[2]:  256
[    0.128711] kernel: x86/fpu: xstate_offset[9]:  832, xstate_sizes[9]:    8
[    0.128712] kernel: x86/fpu: xstate_offset[11]:  840, xstate_sizes[11]:   16
[    0.128713] kernel: x86/fpu: Enabled xstate features 0xa07, context size is 856 bytes, using 'compacted' format.
[    0.129469] kernel: Freeing SMP alternatives memory: 48K
[    0.129469] kernel: pid_max: default: 32768 minimum: 301
[    0.129469] kernel: LSM: initializing lsm=lockdown,capability,landlock,yama,apparmor,integrity
[    0.129469] kernel: landlock: Up and running.
[    0.129469] kernel: Yama: becoming mindful.
[    0.129469] kernel: AppArmor: AppArmor initialized
[    0.129469] kernel: Mount-cache hash table entries: 65536 (order: 7, 524288 bytes, linear)
[    0.129469] kernel: Mountpoint-cache hash table entries: 65536 (order: 7, 524288 bytes, linear)
[    0.129469] kernel: smpboot: CPU0: Intel(R) Core(TM) Ultra 5 125U (family: 0x6, model: 0xaa, stepping: 0x4)
[    0.129469] kernel: RCU Tasks: Setting shift to 4 and lim to 1 rcu_task_cb_adjust=1 rcu_task_cpu_ids=14.
[    0.129469] kernel: RCU Tasks Rude: Setting shift to 4 and lim to 1 rcu_task_cb_adjust=1 rcu_task_cpu_ids=14.
[    0.129469] kernel: RCU Tasks Trace: Setting shift to 4 and lim to 1 rcu_task_cb_adjust=1 rcu_task_cpu_ids=14.
[    0.129469] kernel: Performance Events: XSAVE Architectural LBR, PEBS fmt4+-baseline,  AnyThread deprecated, Meteorlake Hybrid events, 32-deep LBR, full-width counters, Intel PMU driver.
[    0.129469] kernel: core: cpu_core PMU driver: 
[    0.129469] kernel: ... version:                5
[    0.129469] kernel: ... bit width:              48
[    0.129469] kernel: ... generic registers:      8
[    0.129469] kernel: ... value mask:             0000ffffffffffff
[    0.129469] kernel: ... max period:             00007fffffffffff
[    0.129469] kernel: ... fixed-purpose events:   4
[    0.129469] kernel: ... event mask:             0001000f000000ff
[    0.129469] kernel: signal: max sigframe size: 3632
[    0.129469] kernel: Estimated ratio of average max frequency by base frequency (times 1024): 1630
[    0.129661] kernel: rcu: Hierarchical SRCU implementation.
[    0.129662] kernel: rcu:         Max phase no-delay instances is 400.
[    0.130316] kernel: NMI watchdog: Enabled. Permanently consumes one hw-PMU counter.
[    0.130421] kernel: smp: Bringing up secondary CPUs ...
[    0.130485] kernel: smpboot: x86: Booting SMP configuration:
[    0.130485] kernel: .... node  #0, CPUs:        #2  #4  #5  #6  #7  #8  #9 #10 #11 #12 #13
[    0.007361] kernel: core: cpu_atom PMU driver: 
[    0.007361] kernel: ... version:                5
[    0.007361] kernel: ... bit width:              48
[    0.007361] kernel: ... generic registers:      8
[    0.007361] kernel: ... value mask:             0000ffffffffffff
[    0.007361] kernel: ... max period:             00007fffffffffff
[    0.007361] kernel: ... fixed-purpose events:   3
[    0.007361] kernel: ... event mask:             00000007000000ff
[    0.139565] kernel:   #1  #3
[    0.141534] kernel: smp: Brought up 1 node, 14 CPUs
[    0.141534] kernel: smpboot: Max logical packages: 1
[    0.141534] kernel: smpboot: Total of 14 processors activated (75264.00 BogoMIPS)
[    0.143549] kernel: devtmpfs: initialized
[    0.143549] kernel: x86/mm: Memory block size: 128MB
[    0.144904] kernel: ACPI: PM: Registering ACPI NVS region [mem 0x63cff000-0x63efefff] (2097152 bytes)
[    0.144904] kernel: clocksource: jiffies: mask: 0xffffffff max_cycles: 0xffffffff, max_idle_ns: 1911260446275000 ns
[    0.144904] kernel: futex hash table entries: 4096 (order: 6, 262144 bytes, linear)
[    0.144904] kernel: pinctrl core: initialized pinctrl subsystem
[    0.144904] kernel: PM: RTC time: 01:09:01, date: 2025-10-24
[    0.145547] kernel: NET: Registered PF_NETLINK/PF_ROUTE protocol family
[    0.145941] kernel: DMA: preallocated 4096 KiB GFP_KERNEL pool for atomic allocations
[    0.146318] kernel: DMA: preallocated 4096 KiB GFP_KERNEL|GFP_DMA pool for atomic allocations
[    0.146684] kernel: DMA: preallocated 4096 KiB GFP_KERNEL|GFP_DMA32 pool for atomic allocations
[    0.146695] kernel: audit: initializing netlink subsys (disabled)
[    0.146711] kernel: audit: type=2000 audit(1761268141.018:1): state=initialized audit_enabled=0 res=1
[    0.146711] kernel: thermal_sys: Registered thermal governor 'fair_share'
[    0.146711] kernel: thermal_sys: Registered thermal governor 'bang_bang'
[    0.146711] kernel: thermal_sys: Registered thermal governor 'step_wise'
[    0.146711] kernel: thermal_sys: Registered thermal governor 'user_space'
[    0.146711] kernel: thermal_sys: Registered thermal governor 'power_allocator'
[    0.146711] kernel: EISA bus registered
[    0.146711] kernel: cpuidle: using governor ladder
[    0.146711] kernel: cpuidle: using governor menu
[    0.146711] kernel: acpiphp: ACPI Hot Plug PCI Controller Driver version: 0.5
[    0.146711] kernel: PCI: ECAM [mem 0xc0000000-0xcfffffff] (base 0xc0000000) for domain 0000 [bus 00-ff]
[    0.146711] kernel: PCI: Using configuration type 1 for base access
[    0.146711] kernel: kprobes: kprobe jump-optimization is enabled. All kprobes are optimized if possible.
[    0.146711] kernel: HugeTLB: registered 1.00 GiB page size, pre-allocated 0 pages
[    0.146711] kernel: HugeTLB: 16380 KiB vmemmap can be freed for a 1.00 GiB page
[    0.146711] kernel: HugeTLB: registered 2.00 MiB page size, pre-allocated 0 pages
[    0.146711] kernel: HugeTLB: 28 KiB vmemmap can be freed for a 2.00 MiB page
[    0.146711] kernel: ACPI: Added _OSI(Module Device)
[    0.146711] kernel: ACPI: Added _OSI(Processor Device)
[    0.146711] kernel: ACPI: Added _OSI(3.0 _SCP Extensions)
[    0.146711] kernel: ACPI: Added _OSI(Processor Aggregator Device)
[    0.316099] kernel: ACPI: 30 ACPI AML tables successfully acquired and loaded
[    0.332902] kernel: ACPI: USB4 _OSC: OS supports USB3+ DisplayPort+ PCIe+ XDomain+
[    0.332905] kernel: ACPI: USB4 _OSC: OS controls USB3+ DisplayPort+ PCIe+ XDomain+
[    0.336545] kernel: ACPI: _OSC evaluated successfully for all CPUs
[    0.336572] kernel: ACPI: EC: EC started
[    0.336572] kernel: ACPI: EC: interrupt blocked
[    0.337579] kernel: ACPI: [Firmware Bug]: BIOS _OSI(Linux) query ignored
[    0.362210] kernel: ACPI: EC: EC_CMD/EC_SC=0x66, EC_DATA=0x62
[    0.362211] kernel: ACPI: \_SB_.PC00.LPCB.EC0_: Boot DSDT EC used to handle transactions
[    0.362212] kernel: ACPI: Interpreter enabled
[    0.362283] kernel: ACPI: PM: (supports S0 S4 S5)
[    0.362284] kernel: ACPI: Using IOAPIC for interrupt routing
[    0.363535] kernel: PCI: Using host bridge windows from ACPI; if necessary, use "pci=nocrs" and report a bug
[    0.363536] kernel: PCI: Ignoring E820 reservations for host bridge windows
[    0.364655] kernel: ACPI: Enabled 9 GPEs in block 00 to 7F
[    0.364673] kernel: ACPI: Enabled 8 GPEs in block 80 to DF
[    0.369407] kernel: ACPI: \_SB_.PC00.XHCI.RHUB.HS10.BTRT: New power resource
[    0.369872] kernel: ACPI: \_SB_.PC00.XHCI.RHUB.HS10.DBTR: New power resource
[    0.388847] kernel: ACPI: \_SB_.PC00.CNVW.WRST: New power resource
[    0.395265] kernel: ACPI: \_SB_.PC00.RP06.RAPR: New power resource
[    0.401638] kernel: ACPI: \_SB_.PC00.RP10.RAPR: New power resource
[    0.407038] kernel: ACPI: \_SB_.PC00.TBT0: New power resource
[    0.407122] kernel: ACPI: \_SB_.PC00.TBT1: New power resource
[    0.407199] kernel: ACPI: \_SB_.PC00.D3C_: New power resource
[    0.434977] kernel: ACPI: \PIN_: New power resource
[    0.436060] kernel: ACPI: PCI Root Bridge [PC00] (domain 0000 [bus 00-fe])
[    0.436067] kernel: acpi PNP0A08:00: _OSC: OS supports [ExtendedConfig ASPM ClockPM Segments MSI EDR HPX-Type3]
[    0.437183] kernel: acpi PNP0A08:00: _OSC: platform does not support [AER]
[    0.439369] kernel: acpi PNP0A08:00: _OSC: OS now controls [PCIeHotplug SHPCHotplug PME PCIeCapability LTR DPC]
[    0.443960] kernel: PCI host bridge to bus 0000:00
[    0.443961] kernel: pci_bus 0000:00: root bus resource [io  0x0000-0x0cf7 window]
[    0.443963] kernel: pci_bus 0000:00: root bus resource [io  0x0d00-0xffff window]
[    0.443964] kernel: pci_bus 0000:00: root bus resource [mem 0x000a0000-0x000bffff window]
[    0.443966] kernel: pci_bus 0000:00: root bus resource [mem 0x80000000-0xbfffffff window]
[    0.443967] kernel: pci_bus 0000:00: root bus resource [mem 0x4000000000-0x3ffbfffffff window]
[    0.443968] kernel: pci_bus 0000:00: root bus resource [bus 00-fe]
[    0.445058] kernel: pci 0000:00:00.0: [8086:7d02] type 00 class 0x060000 conventional PCI endpoint
[    0.445202] kernel: pci 0000:00:02.0: [8086:7d45] type 00 class 0x030000 PCIe Root Complex Integrated Endpoint
[    0.445228] kernel: pci 0000:00:02.0: BAR 0 [mem 0x5018000000-0x5018ffffff 64bit pref]
[    0.445231] kernel: pci 0000:00:02.0: BAR 2 [mem 0x4000000000-0x400fffffff 64bit pref]
[    0.445250] kernel: pci 0000:00:02.0: DMAR: Skip IOMMU disabling for graphics
[    0.445254] kernel: pci 0000:00:02.0: Video device with shadowed ROM at [mem 0x000c0000-0x000dffff]
[    0.445288] kernel: pci 0000:00:02.0: PME# supported from D0 D3hot
[    0.445384] kernel: pci 0000:00:02.0: VF BAR 0 [mem 0x00000000-0x00ffffff 64bit pref]
[    0.445386] kernel: pci 0000:00:02.0: VF BAR 0 [mem 0x00000000-0x06ffffff 64bit pref]: contains BAR 0 for 7 VFs
[    0.445578] kernel: pci 0000:00:04.0: [8086:7d03] type 00 class 0x118000 conventional PCI endpoint
[    0.445612] kernel: pci 0000:00:04.0: BAR 0 [mem 0x50192c0000-0x50192dffff 64bit]
[    0.446093] kernel: pci 0000:00:06.0: [8086:7ecb] type 01 class 0x060400 PCIe Root Port
[    0.446145] kernel: pci 0000:00:06.0: PCI bridge to [bus 01]
[    0.446154] kernel: pci 0000:00:06.0:   bridge window [mem 0x8c000000-0x8c0fffff]
[    0.446303] kernel: pci 0000:00:06.0: PME# supported from D0 D3hot D3cold
[    0.446361] kernel: pci 0000:00:06.0: PTM enabled (root), 4ns granularity
[    0.447646] kernel: pci 0000:00:07.0: [8086:7ec4] type 01 class 0x060400 PCIe Root Port
[    0.447676] kernel: pci 0000:00:07.0: PCI bridge to [bus 02-2b]
[    0.447681] kernel: pci 0000:00:07.0:   bridge window [mem 0x86000000-0x8bffffff]
[    0.447690] kernel: pci 0000:00:07.0:   bridge window [mem 0x4010000000-0x480fffffff 64bit pref]
[    0.447808] kernel: pci 0000:00:07.0: PME# supported from D0 D3hot D3cold
[    0.447875] kernel: pci 0000:00:07.0: PTM enabled (root), 4ns granularity
[    0.449195] kernel: pci 0000:00:07.2: [8086:7ec6] type 01 class 0x060400 PCIe Root Port
[    0.449218] kernel: pci 0000:00:07.2: PCI bridge to [bus 2c-55]
[    0.449223] kernel: pci 0000:00:07.2:   bridge window [mem 0x80000000-0x85ffffff]
[    0.449231] kernel: pci 0000:00:07.2:   bridge window [mem 0x4810000000-0x500fffffff 64bit pref]
[    0.449355] kernel: pci 0000:00:07.2: PME# supported from D0 D3hot D3cold
[    0.449390] kernel: pci 0000:00:07.2: PTM enabled (root), 4ns granularity
[    0.450711] kernel: pci 0000:00:08.0: [8086:7e4c] type 00 class 0x088000 conventional PCI endpoint
[    0.450743] kernel: pci 0000:00:08.0: BAR 0 [mem 0x5019325000-0x5019325fff 64bit]
[    0.450840] kernel: pci 0000:00:0a.0: [8086:7d0d] type 00 class 0x118000 PCIe Root Complex Integrated Endpoint
[    0.450857] kernel: pci 0000:00:0a.0: BAR 0 [mem 0x5019280000-0x50192bffff 64bit]
[    0.450864] kernel: pci 0000:00:0a.0: enabling Extended Tags
[    0.450936] kernel: pci 0000:00:0b.0: [8086:7d1d] type 00 class 0x120000 PCIe Root Complex Integrated Endpoint
[    0.450957] kernel: pci 0000:00:0b.0: BAR 0 [mem 0x5010000000-0x5017ffffff 64bit]
[    0.450960] kernel: pci 0000:00:0b.0: BAR 4 [mem 0x5019324000-0x5019324fff 64bit]
[    0.451079] kernel: pci 0000:00:0d.0: [8086:7ec0] type 00 class 0x0c0330 conventional PCI endpoint
[    0.451109] kernel: pci 0000:00:0d.0: BAR 0 [mem 0x5019300000-0x501930ffff 64bit]
[    0.451144] kernel: pci 0000:00:0d.0: PME# supported from D3hot D3cold
[    0.451838] kernel: pci 0000:00:0d.2: [8086:7ec2] type 00 class 0x0c0340 conventional PCI endpoint
[    0.451868] kernel: pci 0000:00:0d.2: BAR 0 [mem 0x5019240000-0x501927ffff 64bit]
[    0.451870] kernel: pci 0000:00:0d.2: BAR 2 [mem 0x5019323000-0x5019323fff 64bit]
[    0.451932] kernel: pci 0000:00:0d.2: supports D1 D2
[    0.451933] kernel: pci 0000:00:0d.2: PME# supported from D0 D1 D2 D3hot D3cold
[    0.452122] kernel: pci 0000:00:0d.3: [8086:7ec3] type 00 class 0x0c0340 conventional PCI endpoint
[    0.452151] kernel: pci 0000:00:0d.3: BAR 0 [mem 0x5019200000-0x501923ffff 64bit]
[    0.452154] kernel: pci 0000:00:0d.3: BAR 2 [mem 0x5019322000-0x5019322fff 64bit]
[    0.452237] kernel: pci 0000:00:0d.3: supports D1 D2
[    0.452238] kernel: pci 0000:00:0d.3: PME# supported from D0 D1 D2 D3hot D3cold
[    0.452419] kernel: pci 0000:00:12.0: [8086:7e45] type 00 class 0x070000 conventional PCI endpoint
[    0.452447] kernel: pci 0000:00:12.0: BAR 0 [mem 0x50192f0000-0x50192fffff 64bit]
[    0.452477] kernel: pci 0000:00:12.0: PME# supported from D0 D3hot
[    0.453626] kernel: pci 0000:00:14.0: [8086:7e7d] type 00 class 0x0c0330 conventional PCI endpoint
[    0.453658] kernel: pci 0000:00:14.0: BAR 0 [mem 0x50192e0000-0x50192effff 64bit]
[    0.453692] kernel: pci 0000:00:14.0: PME# supported from D3hot D3cold
[    0.454392] kernel: pci 0000:00:14.2: [8086:7e7f] type 00 class 0x050000 conventional PCI endpoint
[    0.454431] kernel: pci 0000:00:14.2: BAR 0 [mem 0x5019318000-0x501931bfff 64bit]
[    0.454434] kernel: pci 0000:00:14.2: BAR 2 [mem 0x5019321000-0x5019321fff 64bit]
[    0.454525] kernel: pci 0000:00:14.3: [8086:7e40] type 00 class 0x028000 PCIe Root Complex Integrated Endpoint
[    0.454552] kernel: pci 0000:00:14.3: BAR 0 [mem 0x5019314000-0x5019317fff 64bit]
[    0.454607] kernel: pci 0000:00:14.3: PME# supported from D0 D3hot D3cold
[    0.454865] kernel: pci 0000:00:15.0: [8086:7e78] type 00 class 0x0c8000 conventional PCI endpoint
[    0.454918] kernel: pci 0000:00:15.0: BAR 0 [mem 0x00000000-0x00000fff 64bit]
[    0.464819] kernel: pci 0000:00:16.0: [8086:7e70] type 00 class 0x078000 conventional PCI endpoint
[    0.464861] kernel: pci 0000:00:16.0: BAR 0 [mem 0x501931f000-0x501931ffff 64bit]
[    0.464907] kernel: pci 0000:00:16.0: PME# supported from D3hot
[    0.466045] kernel: pci 0000:00:1e.0: [8086:7e25] type 00 class 0x078000 conventional PCI endpoint
[    0.466088] kernel: pci 0000:00:1e.0: BAR 0 [mem 0x00000000-0x00000fff 64bit]
[    0.475852] kernel: pci 0000:00:1e.2: [8086:7e27] type 00 class 0x0c8000 conventional PCI endpoint
[    0.475893] kernel: pci 0000:00:1e.2: BAR 0 [mem 0x00000000-0x00000fff 64bit]
[    0.485814] kernel: pci 0000:00:1f.0: [8086:7e03] type 00 class 0x060100 conventional PCI endpoint
[    0.486284] kernel: pci 0000:00:1f.3: [8086:7e28] type 00 class 0x040100 conventional PCI endpoint
[    0.486337] kernel: pci 0000:00:1f.3: BAR 0 [mem 0x5019310000-0x5019313fff 64bit]
[    0.486345] kernel: pci 0000:00:1f.3: BAR 4 [mem 0x5019000000-0x50191fffff 64bit]
[    0.486407] kernel: pci 0000:00:1f.3: PME# supported from D3hot D3cold
[    0.486481] kernel: pci 0000:00:1f.4: [8086:7e22] type 00 class 0x0c0500 conventional PCI endpoint
[    0.486522] kernel: pci 0000:00:1f.4: BAR 0 [mem 0x501931c000-0x501931c0ff 64bit]
[    0.486528] kernel: pci 0000:00:1f.4: BAR 4 [io  0xefa0-0xefbf]
[    0.486866] kernel: pci 0000:00:1f.5: [8086:7e23] type 00 class 0x0c8000 conventional PCI endpoint
[    0.486961] kernel: pci 0000:00:1f.5: BAR 0 [mem 0xfe010000-0xfe010fff]
[    0.487449] kernel: pci 0000:01:00.0: [15b7:5011] type 00 class 0x010802 PCIe Endpoint
[    0.487487] kernel: pci 0000:01:00.0: BAR 0 [mem 0x8c000000-0x8c003fff 64bit]
[    0.487736] kernel: pci 0000:00:06.0: PCI bridge to [bus 01]
[    0.487783] kernel: pci 0000:00:07.0: PCI bridge to [bus 02-2b]
[    0.487831] kernel: pci 0000:00:07.2: PCI bridge to [bus 2c-55]
[    0.493469] kernel: ACPI: \_SB_.PEPD: Duplicate LPS0 _DSM functions (mask: 0x1)
[    0.643094] kernel: Low-power S0 idle used by default for system suspend
[    0.644277] kernel: ACPI: EC: interrupt unblocked
[    0.644279] kernel: ACPI: EC: event unblocked
[    0.644298] kernel: ACPI: EC: EC_CMD/EC_SC=0x66, EC_DATA=0x62
[    0.644299] kernel: ACPI: EC: GPE=0x6e
[    0.644300] kernel: ACPI: \_SB_.PC00.LPCB.EC0_: Boot DSDT EC initialization complete
[    0.644302] kernel: ACPI: \_SB_.PC00.LPCB.EC0_: EC: Used to handle transactions and events
[    0.644379] kernel: iommu: Default domain type: Translated
[    0.644379] kernel: iommu: DMA domain TLB invalidation policy: lazy mode
[    0.644539] kernel: SCSI subsystem initialized
[    0.644554] kernel: libata version 3.00 loaded.
[    0.644554] kernel: ACPI: bus type USB registered
[    0.644554] kernel: usbcore: registered new interface driver usbfs
[    0.644555] kernel: usbcore: registered new interface driver hub
[    0.644565] kernel: usbcore: registered new device driver usb
[    0.644592] kernel: pps_core: LinuxPPS API ver. 1 registered
[    0.644593] kernel: pps_core: Software ver. 5.3.6 - Copyright 2005-2007 Rodolfo Giometti <giometti@linux.it>
[    0.644596] kernel: PTP clock support registered
[    0.644614] kernel: EDAC MC: Ver: 3.0.0
[    0.644883] kernel: efivars: Registered efivars operations
[    0.645524] kernel: NetLabel: Initializing
[    0.645525] kernel: NetLabel:  domain hash size = 128
[    0.645526] kernel: NetLabel:  protocols = UNLABELED CIPSOv4 CALIPSO
[    0.645543] kernel: NetLabel:  unlabeled traffic allowed by default
[    0.645555] kernel: mctp: management component transport protocol core
[    0.645555] kernel: NET: Registered PF_MCTP protocol family
[    0.645555] kernel: PCI: Using ACPI for IRQ routing
[    0.656665] kernel: PCI: pci_cache_line_size set to 64 bytes
[    0.656959] kernel: pci 0000:00:1f.5: BAR 0 [mem 0xfe010000-0xfe010fff]: can't claim; no compatible bridge window
[    0.657021] kernel: e820: reserve RAM buffer [mem 0x0009f000-0x0009ffff]
[    0.657023] kernel: e820: reserve RAM buffer [mem 0x526d2000-0x53ffffff]
[    0.657024] kernel: e820: reserve RAM buffer [mem 0x5dca3000-0x5fffffff]
[    0.657047] kernel: pci 0000:00:02.0: vgaarb: setting as boot VGA device
[    0.657047] kernel: pci 0000:00:02.0: vgaarb: bridge control possible
[    0.657047] kernel: pci 0000:00:02.0: vgaarb: VGA device added: decodes=io+mem,owns=io+mem,locks=none
[    0.657047] kernel: vgaarb: loaded
[    0.657047] kernel: clocksource: Switched to clocksource tsc-early
[    0.657047] kernel: VFS: Disk quotas dquot_6.6.0
[    0.657047] kernel: VFS: Dquot-cache hash table entries: 512 (order 0, 4096 bytes)
[    0.657141] kernel: AppArmor: AppArmor Filesystem Enabled
[    0.657172] kernel: pnp: PnP ACPI init
[    0.657771] kernel: system 00:00: [io  0x0680-0x069f] has been reserved
[    0.657774] kernel: system 00:00: [io  0x164e-0x164f] has been reserved
[    0.657951] kernel: system 00:01: [io  0x1854-0x1857] has been reserved
[    0.658049] kernel: system 00:03: [io  0x0200-0x027f] has been reserved
[    0.658051] kernel: system 00:03: [mem 0xfedf0000-0xfedfffff] has been reserved
[    0.658567] kernel: pnp 00:04: disabling [mem 0x00000000-0x00000fff] because it overlaps 0000:00:02.0 BAR 7 [mem 0x00000000-0x06ffffff 64bit pref]
[    0.658570] kernel: pnp 00:04: disabling [mem 0x00000000-0x00000fff] because it overlaps 0000:00:02.0 BAR 7 [mem 0x00000000-0x06ffffff 64bit pref]
[    0.658592] kernel: system 00:04: [mem 0xfedc0000-0xfedc7fff] has been reserved
[    0.658594] kernel: system 00:04: [mem 0xc0000000-0xcfffffff] has been reserved
[    0.658595] kernel: system 00:04: [mem 0xfed20000-0xfed7ffff] could not be reserved
[    0.658597] kernel: system 00:04: [mem 0xfc800000-0xfc81ffff] could not be reserved
[    0.658598] kernel: system 00:04: [mem 0xfed45000-0xfed8ffff] could not be reserved
[    0.658599] kernel: system 00:04: [mem 0xfee00000-0xfeefffff] has been reserved
[    0.659728] kernel: system 00:05: [io  0x2000-0x20fe] has been reserved
[    0.660473] kernel: pnp: PnP ACPI: found 7 devices
[    0.665985] kernel: clocksource: acpi_pm: mask: 0xffffff max_cycles: 0xffffff, max_idle_ns: 2085701024 ns
[    0.666038] kernel: NET: Registered PF_INET protocol family
[    0.666259] kernel: IP idents hash table entries: 262144 (order: 9, 2097152 bytes, linear)
[    0.681342] kernel: tcp_listen_portaddr_hash hash table entries: 16384 (order: 6, 262144 bytes, linear)
[    0.681375] kernel: Table-perturb hash table entries: 65536 (order: 6, 262144 bytes, linear)
[    0.681514] kernel: TCP established hash table entries: 262144 (order: 9, 2097152 bytes, linear)
[    0.681831] kernel: TCP bind hash table entries: 65536 (order: 9, 2097152 bytes, linear)
[    0.681934] kernel: TCP: Hash tables configured (established 262144 bind 65536)
[    0.682132] kernel: MPTCP token hash table entries: 32768 (order: 7, 786432 bytes, linear)
[    0.682213] kernel: UDP hash table entries: 16384 (order: 7, 524288 bytes, linear)
[    0.682293] kernel: UDP-Lite hash table entries: 16384 (order: 7, 524288 bytes, linear)
[    0.682379] kernel: NET: Registered PF_UNIX/PF_LOCAL protocol family
[    0.682388] kernel: NET: Registered PF_XDP protocol family
[    0.682397] kernel: pci_bus 0000:00: max bus depth: 1 pci_try_num: 2
[    0.682411] kernel: pci 0000:00:02.0: VF BAR 0 [mem 0x501a000000-0x5020ffffff 64bit pref]: assigned
[    0.682418] kernel: pci 0000:00:07.0: bridge window [io  0x3000-0x3fff]: assigned
[    0.682420] kernel: pci 0000:00:07.2: bridge window [io  0x4000-0x4fff]: assigned
[    0.682422] kernel: pci 0000:00:15.0: BAR 0 [mem 0x501931d000-0x501931dfff 64bit]: assigned
[    0.682432] kernel: pci 0000:00:1e.0: BAR 0 [mem 0x501931e000-0x501931efff 64bit]: assigned
[    0.682442] kernel: pci 0000:00:1e.2: BAR 0 [mem 0x5019320000-0x5019320fff 64bit]: assigned
[    0.682451] kernel: pci 0000:00:1f.5: BAR 0 [mem 0x8c100000-0x8c100fff]: assigned
[    0.682462] kernel: pci 0000:00:06.0: PCI bridge to [bus 01]
[    0.682532] kernel: pci 0000:00:06.0:   bridge window [mem 0x8c000000-0x8c0fffff]
[    0.682542] kernel: pci 0000:00:07.0: PCI bridge to [bus 02-2b]
[    0.682554] kernel: pci 0000:00:07.0:   bridge window [io  0x3000-0x3fff]
[    0.682558] kernel: pci 0000:00:07.0:   bridge window [mem 0x86000000-0x8bffffff]
[    0.682560] kernel: pci 0000:00:07.0:   bridge window [mem 0x4010000000-0x480fffffff 64bit pref]
[    0.682565] kernel: pci 0000:00:07.2: PCI bridge to [bus 2c-55]
[    0.682567] kernel: pci 0000:00:07.2:   bridge window [io  0x4000-0x4fff]
[    0.682571] kernel: pci 0000:00:07.2:   bridge window [mem 0x80000000-0x85ffffff]
[    0.682573] kernel: pci 0000:00:07.2:   bridge window [mem 0x4810000000-0x500fffffff 64bit pref]
[    0.682579] kernel: pci_bus 0000:00: resource 4 [io  0x0000-0x0cf7 window]
[    0.682580] kernel: pci_bus 0000:00: resource 5 [io  0x0d00-0xffff window]
[    0.682581] kernel: pci_bus 0000:00: resource 6 [mem 0x000a0000-0x000bffff window]
[    0.682582] kernel: pci_bus 0000:00: resource 7 [mem 0x80000000-0xbfffffff window]
[    0.682583] kernel: pci_bus 0000:00: resource 8 [mem 0x4000000000-0x3ffbfffffff window]
[    0.682585] kernel: pci_bus 0000:01: resource 1 [mem 0x8c000000-0x8c0fffff]
[    0.682586] kernel: pci_bus 0000:02: resource 0 [io  0x3000-0x3fff]
[    0.682587] kernel: pci_bus 0000:02: resource 1 [mem 0x86000000-0x8bffffff]
[    0.682588] kernel: pci_bus 0000:02: resource 2 [mem 0x4010000000-0x480fffffff 64bit pref]
[    0.682589] kernel: pci_bus 0000:2c: resource 0 [io  0x4000-0x4fff]
[    0.682590] kernel: pci_bus 0000:2c: resource 1 [mem 0x80000000-0x85ffffff]
[    0.682591] kernel: pci_bus 0000:2c: resource 2 [mem 0x4810000000-0x500fffffff 64bit pref]
[    0.682894] kernel: pci 0000:00:0d.0: enabling device (0000 -> 0002)
[    0.683604] kernel: PCI: CLS 0 bytes, default 64
[    0.683658] kernel: DMAR: No RMRR found
[    0.683659] kernel: DMAR: No ATSR found
[    0.683660] kernel: DMAR: IOMMU feature sc_support inconsistent
[    0.683662] kernel: DMAR: dmar0: Using Queued invalidation
[    0.683666] kernel: DMAR: dmar1: Using Queued invalidation
[    0.683696] kernel: Trying to unpack rootfs image as initramfs...
[    0.683970] kernel: pci 0000:00:02.0: Adding to iommu group 0
[    0.684103] kernel: pci 0000:00:00.0: Adding to iommu group 1
[    0.684113] kernel: pci 0000:00:04.0: Adding to iommu group 2
[    0.684146] kernel: pci 0000:00:06.0: Adding to iommu group 3
[    0.684164] kernel: pci 0000:00:07.0: Adding to iommu group 4
[    0.684176] kernel: pci 0000:00:07.2: Adding to iommu group 5
[    0.684187] kernel: pci 0000:00:08.0: Adding to iommu group 6
[    0.684196] kernel: pci 0000:00:0a.0: Adding to iommu group 7
[    0.684206] kernel: pci 0000:00:0b.0: Adding to iommu group 8
[    0.684224] kernel: pci 0000:00:0d.0: Adding to iommu group 9
[    0.684234] kernel: pci 0000:00:0d.2: Adding to iommu group 9
[    0.684243] kernel: pci 0000:00:0d.3: Adding to iommu group 9
[    0.684255] kernel: pci 0000:00:12.0: Adding to iommu group 10
[    0.684271] kernel: pci 0000:00:14.0: Adding to iommu group 11
[    0.684282] kernel: pci 0000:00:14.2: Adding to iommu group 11
[    0.684291] kernel: pci 0000:00:14.3: Adding to iommu group 12
[    0.684303] kernel: pci 0000:00:15.0: Adding to iommu group 13
[    0.684315] kernel: pci 0000:00:16.0: Adding to iommu group 14
[    0.684330] kernel: pci 0000:00:1e.0: Adding to iommu group 15
[    0.684340] kernel: pci 0000:00:1e.2: Adding to iommu group 15
[    0.684361] kernel: pci 0000:00:1f.0: Adding to iommu group 16
[    0.684382] kernel: pci 0000:00:1f.3: Adding to iommu group 16
[    0.684398] kernel: pci 0000:00:1f.4: Adding to iommu group 16
[    0.684413] kernel: pci 0000:00:1f.5: Adding to iommu group 16
[    0.684449] kernel: pci 0000:01:00.0: Adding to iommu group 17
[    0.686533] kernel: DMAR: Intel(R) Virtualization Technology for Directed I/O
[    0.686535] kernel: PCI-DMA: Using software bounce buffering for IO (SWIOTLB)
[    0.686536] kernel: software IO TLB: mapped [mem 0x0000000046f95000-0x000000004af95000] (64MB)
[    0.686937] kernel: clocksource: tsc: mask: 0xffffffffffffffff max_cycles: 0x26bef67878b, max_idle_ns: 440795293631 ns
[    0.686966] kernel: clocksource: Switched to clocksource tsc
[    0.687000] kernel: platform rtc_cmos: registered platform RTC device (no PNP device found)
[    0.687684] kernel: Initialise system trusted keyrings
[    0.687695] kernel: Key type blacklist registered
[    0.687743] kernel: workingset: timestamp_bits=36 max_order=23 bucket_order=0
[    0.687758] kernel: zbud: loaded
[    0.687959] kernel: squashfs: version 4.0 (2009/01/31) Phillip Lougher
[    0.688025] kernel: fuse: init (API version 7.39)
[    0.688152] kernel: integrity: Platform Keyring initialized
[    0.688157] kernel: integrity: Machine keyring initialized
[    0.696388] kernel: Key type asymmetric registered
[    0.696389] kernel: Asymmetric key parser 'x509' registered
[    0.696411] kernel: Block layer SCSI generic (bsg) driver version 0.4 loaded (major 243)
[    0.696464] kernel: io scheduler mq-deadline registered
[    0.700335] kernel: pcieport 0000:00:06.0: PME: Signaling with IRQ 122
[    0.700833] kernel: pcieport 0000:00:07.0: PME: Signaling with IRQ 123
[    0.700852] kernel: pcieport 0000:00:07.0: pciehp: Slot #12 AttnBtn- PwrCtrl- MRL- AttnInd- PwrInd- HotPlug+ Surprise+ Interlock- NoCompl+ IbPresDis- LLActRep+
[    0.701326] kernel: pcieport 0000:00:07.2: PME: Signaling with IRQ 124
[    0.701345] kernel: pcieport 0000:00:07.2: pciehp: Slot #14 AttnBtn- PwrCtrl- MRL- AttnInd- PwrInd- HotPlug+ Surprise+ Interlock- NoCompl+ IbPresDis- LLActRep+
[    0.701546] kernel: shpchp: Standard Hot Plug PCI Controller Driver version: 0.4
[    0.706181] kernel: ACPI: AC: AC Adapter [AC] (on-line)
[    0.706236] kernel: input: Sleep Button as /devices/LNXSYSTM:00/LNXSYBUS:00/PNP0C0E:00/input/input0
[    0.706251] kernel: ACPI: button: Sleep Button [SLPB]
[    0.706271] kernel: input: Lid Switch as /devices/LNXSYSTM:00/LNXSYBUS:00/PNP0C0D:00/input/input1
[    0.706282] kernel: ACPI: button: Lid Switch [LID]
[    0.706304] kernel: input: Power Button as /devices/LNXSYSTM:00/LNXPWRBN:00/input/input2
[    0.706342] kernel: ACPI: button: Power Button [PWRF]
[    0.720330] kernel: thermal LNXTHERM:00: registered as thermal_zone0
[    0.720332] kernel: ACPI: thermal: Thermal Zone [CPUZ] (26 C)
[    0.725195] kernel: thermal LNXTHERM:01: registered as thermal_zone1
[    0.725196] kernel: ACPI: thermal: Thermal Zone [GFXZ] (25 C)
[    0.727954] kernel: thermal LNXTHERM:02: registered as thermal_zone2
[    0.727956] kernel: ACPI: thermal: Thermal Zone [EXTZ] (0 C)
[    0.730682] kernel: thermal LNXTHERM:03: registered as thermal_zone3
[    0.730683] kernel: ACPI: thermal: Thermal Zone [LOCZ] (29 C)
[    0.735443] kernel: thermal LNXTHERM:04: registered as thermal_zone4
[    0.735444] kernel: ACPI: thermal: Thermal Zone [BATZ] (0 C)
[    0.738196] kernel: thermal LNXTHERM:05: registered as thermal_zone5
[    0.738197] kernel: ACPI: thermal: Thermal Zone [CHGZ] (0 C)
[    0.740953] kernel: thermal LNXTHERM:06: registered as thermal_zone6
[    0.740954] kernel: ACPI: thermal: Thermal Zone [SK1Z] (0 C)
[    0.743690] kernel: thermal LNXTHERM:07: registered as thermal_zone7
[    0.743693] kernel: ACPI: thermal: Thermal Zone [SK2Z] (0 C)
[    0.743776] kernel: thermal LNXTHERM:08: registered as thermal_zone8
[    0.743777] kernel: ACPI: thermal: Thermal Zone [BAGZ] (30 C)
[    0.743844] kernel: thermal LNXTHERM:09: registered as thermal_zone9
[    0.743845] kernel: ACPI: thermal: Thermal Zone [MSHZ] (30 C)
[    0.743915] kernel: thermal LNXTHERM:0a: registered as thermal_zone10
[    0.743916] kernel: ACPI: thermal: Thermal Zone [PGTZ] (30 C)
[    0.746765] kernel: thermal LNXTHERM:0b: registered as thermal_zone11
[    0.746767] kernel: ACPI: thermal: Thermal Zone [PCHZ] (0 C)
[    0.746990] kernel: Serial: 8250/16550 driver, 32 ports, IRQ sharing enabled
[    0.747250] kernel: serial8250: ttyS1 at I/O 0x2f8 (irq = 3, base_baud = 115200) is a 16450
[    0.748834] kernel: serial 0000:00:12.0: enabling device (0000 -> 0002)
[    0.749365] kernel: hpet_acpi_add: no address or irqs in _CRS
[    0.749380] kernel: Linux agpgart interface v0.103
[    0.756141] kernel: tpm_tis NTC0702:00: 2.0 TPM (device-id 0xFC, rev-id 1)
[    0.771236] kernel: ACPI: battery: Slot [BAT0] (battery present)
[    0.791986] kernel: Freeing initrd memory: 85364K
[    0.928089] kernel: loop: module loaded
[    0.928728] kernel: ACPI: bus type drm_connector registered
[    0.928956] kernel: tun: Universal TUN/TAP device driver, 1.6
[    0.929098] kernel: PPP generic driver version 2.4.2
[    0.929200] kernel: i8042: PNP: PS/2 Controller [PNP0303:PS2K] at 0x60,0x64 irq 1
[    0.929202] kernel: i8042: PNP: PS/2 appears to have AUX port disabled, if this is incorrect please boot with i8042.nopnp
[    0.929794] kernel: serio: i8042 KBD port at 0x60,0x64 irq 1
[    0.929854] kernel: mousedev: PS/2 mouse device common for all mice
[    0.929933] kernel: rtc_cmos rtc_cmos: RTC can wake from S4
[    0.930889] kernel: rtc_cmos rtc_cmos: registered as rtc0
[    0.931022] kernel: rtc_cmos rtc_cmos: setting system clock to 2025-10-24T01:09:02 UTC (1761268142)
[    0.931047] kernel: rtc_cmos rtc_cmos: alarms up to one month, y3k, 114 bytes nvram
[    0.931053] kernel: i2c_dev: i2c /dev entries driver
[    0.931962] kernel: device-mapper: core: CONFIG_IMA_DISABLE_HTABLE is disabled. Duplicate IMA measurements will not be recorded in the IMA log.
[    0.931974] kernel: device-mapper: uevent: version 1.0.3
[    0.932030] kernel: device-mapper: ioctl: 4.48.0-ioctl (2023-03-01) initialised: dm-devel@redhat.com
[    0.932043] kernel: platform eisa.0: Probing EISA bus 0
[    0.932045] kernel: platform eisa.0: EISA: Cannot allocate resource for mainboard
[    0.932046] kernel: platform eisa.0: Cannot allocate resource for EISA slot 1
[    0.932047] kernel: platform eisa.0: Cannot allocate resource for EISA slot 2
[    0.932048] kernel: platform eisa.0: Cannot allocate resource for EISA slot 3
[    0.932048] kernel: platform eisa.0: Cannot allocate resource for EISA slot 4
[    0.932049] kernel: platform eisa.0: Cannot allocate resource for EISA slot 5
[    0.932050] kernel: platform eisa.0: Cannot allocate resource for EISA slot 6
[    0.932051] kernel: platform eisa.0: Cannot allocate resource for EISA slot 7
[    0.932052] kernel: platform eisa.0: Cannot allocate resource for EISA slot 8
[    0.932052] kernel: platform eisa.0: EISA: Detected 0 cards
[    0.932055] kernel: intel_pstate: Intel P-state driver initializing
[    0.933575] kernel: intel_pstate: HWP enabled
[    0.933750] kernel: ledtrig-cpu: registered to indicate activity on CPUs
[    0.933942] kernel: [drm] Initialized simpledrm 1.0.0 20200625 for simple-framebuffer.0 on minor 0
[    0.935098] kernel: fbcon: Deferring console take-over
[    0.935100] kernel: simple-framebuffer simple-framebuffer.0: [drm] fb0: simpledrmdrmfb frame buffer device
[    0.935205] kernel: drop_monitor: Initializing network drop monitor service
[    0.935321] kernel: NET: Registered PF_INET6 protocol family
[    0.940474] kernel: Segment Routing with IPv6
[    0.940483] kernel: In-situ OAM (IOAM) with IPv6
[    0.940509] kernel: NET: Registered PF_PACKET protocol family
[    0.940540] kernel: Key type dns_resolver registered
[    0.941860] kernel: ENERGY_PERF_BIAS: Set to 'normal', was 'performance'
[    0.942172] kernel: microcode: Current revision: 0x00000024
[    0.942173] kernel: microcode: Updated early from: 0x00000020
[    0.942572] kernel: IPI shorthand broadcast: enabled
[    0.943460] kernel: sched_clock: Marking stable (937000515, 6361791)->(989772475, -46410169)
[    0.943720] kernel: registered taskstats version 1
[    0.944029] kernel: Loading compiled-in X.509 certificates
[    0.944336] kernel: Loaded X.509 cert 'Build time autogenerated kernel key: 1cc6b9e69e473000e268b57e22ade77368aaef7f'
[    0.944576] kernel: Loaded X.509 cert 'Canonical Ltd. Live Patch Signing 2025 Kmod: d541cef61dc7e793b7eb7e899970a2eef0b5dc8c'
[    0.944818] kernel: Loaded X.509 cert 'Canonical Ltd. Live Patch Signing: 14df34d1a87cf37625abec039ef2bf521249b969'
[    0.945057] kernel: Loaded X.509 cert 'Canonical Ltd. Kernel Module Signing: 88f752e560a1e0737e31163a466ad7b70a850c19'
[    0.945058] kernel: blacklist: Loading compiled-in revocation X.509 certificates
[    0.945067] kernel: Loaded X.509 cert 'Canonical Ltd. Secure Boot Signing: 61482aa2830d0ab2ad5af10b7250da9033ddcef0'
[    0.945074] kernel: Loaded X.509 cert 'Canonical Ltd. Secure Boot Signing (2017): 242ade75ac4a15e50d50c84b0d45ff3eae707a03'
[    0.945081] kernel: Loaded X.509 cert 'Canonical Ltd. Secure Boot Signing (ESM 2018): 365188c1d374d6b07c3c8f240f8ef722433d6a8b'
[    0.945087] kernel: Loaded X.509 cert 'Canonical Ltd. Secure Boot Signing (2019): c0746fd6c5da3ae827864651ad66ae47fe24b3e8'
[    0.945093] kernel: Loaded X.509 cert 'Canonical Ltd. Secure Boot Signing (2021 v1): a8d54bbb3825cfb94fa13c9f8a594a195c107b8d'
[    0.945100] kernel: Loaded X.509 cert 'Canonical Ltd. Secure Boot Signing (2021 v2): 4cf046892d6fd3c9a5b03f98d845f90851dc6a8c'
[    0.945106] kernel: Loaded X.509 cert 'Canonical Ltd. Secure Boot Signing (2021 v3): 100437bb6de6e469b581e61cd66bce3ef4ed53af'
[    0.945113] kernel: Loaded X.509 cert 'Canonical Ltd. Secure Boot Signing (Ubuntu Core 2019): c1d57b8f6b743f23ee41f4f7ee292f06eecadfb9'
[    0.946793] kernel: Key type .fscrypt registered
[    0.946794] kernel: Key type fscrypt-provisioning registered
[    0.946824] kernel: Key type trusted registered
[    0.947412] kernel: input: AT Translated Set 2 keyboard as /devices/platform/i8042/serio0/input/input3
[    0.950816] kernel: cryptd: max_cpu_qlen set to 1000
[    0.954426] kernel: AVX2 version of gcm_enc/dec engaged.
[    0.954466] kernel: AES CTR mode by8 optimization enabled
[    0.964413] kernel: Key type encrypted registered
[    0.964415] kernel: AppArmor: AppArmor sha256 policy hashing enabled
[    0.964461] kernel: integrity: Loading X.509 certificate: UEFI:db
[    0.964475] kernel: integrity: Loaded X.509 cert 'HP Inc.: HP UEFI Secure Boot DB 2017: d9c01b50cfcae89d3b05345c163aa76e5dd589e7'
[    0.964476] kernel: integrity: Loading X.509 certificate: UEFI:db
[    0.964484] kernel: integrity: Loaded X.509 cert 'HP Inc.: HP UEFI Secure Boot DB 2024: 9031be8bd10636d7ed703b1ec5807354b05cd8ee'
[    0.964485] kernel: integrity: Loading X.509 certificate: UEFI:db
[    0.964494] kernel: integrity: Loaded X.509 cert 'Microsoft Corporation: Windows UEFI CA 2023: aefc5fbbbe055d8f8daa585473499417ab5a5272'
[    0.964495] kernel: integrity: Loading X.509 certificate: UEFI:db
[    0.964503] kernel: integrity: Loaded X.509 cert 'Microsoft Windows Production PCA 2011: a92902398e16c49778cd90f99e4f9ae17c55af53'
[    0.964503] kernel: integrity: Loading X.509 certificate: UEFI:db
[    0.964514] kernel: integrity: Loaded X.509 cert 'Microsoft UEFI CA 2023: 81aa6b3244c935bce0d6628af39827421e32497d'
[    0.964514] kernel: integrity: Loading X.509 certificate: UEFI:db
[    0.964523] kernel: integrity: Loaded X.509 cert 'Microsoft Corporation UEFI CA 2011: 13adbf4309bd82709c8cd54f316ed522988a1bd4'
[    0.965117] kernel: Loading compiled-in module X.509 certificates
[    0.965370] kernel: Loaded X.509 cert 'Build time autogenerated kernel key: 1cc6b9e69e473000e268b57e22ade77368aaef7f'
[    0.965371] kernel: ima: Allocated hash algorithm: sha256
[    1.001220] kernel: ima: No architecture policies found
[    1.001229] kernel: evm: Initialising EVM extended attributes:
[    1.001230] kernel: evm: security.selinux
[    1.001231] kernel: evm: security.SMACK64
[    1.001231] kernel: evm: security.SMACK64EXEC
[    1.001232] kernel: evm: security.SMACK64TRANSMUTE
[    1.001232] kernel: evm: security.SMACK64MMAP
[    1.001233] kernel: evm: security.apparmor
[    1.001233] kernel: evm: security.ima
[    1.001234] kernel: evm: security.capability
[    1.001234] kernel: evm: HMAC attrs: 0x1
[    1.001451] kernel: PM:   Magic number: 13:547:155
[    1.001528] kernel: acpi device:22: hash matches
[    1.004803] kernel: RAS: Correctable Errors collector initialized.
[    1.004850] kernel: clk: Disabling unused clocks
[    1.010854] kernel: Freeing unused decrypted memory: 2028K
[    1.011563] kernel: Freeing unused kernel image (initmem) memory: 5004K
[    1.011565] kernel: Write protecting the kernel read-only data: 38912k
[    1.012266] kernel: Freeing unused kernel image (rodata/data gap) memory: 2004K
[    1.018754] kernel: x86/mm: Checked W+X mappings: passed, no W+X pages found.
[    1.018761] kernel: Run /init as init process
[    1.018762] kernel:   with arguments:
[    1.018763] kernel:     /init
[    1.018764] kernel:     splash
[    1.018764] kernel:   with environment:
[    1.018765] kernel:     HOME=/
[    1.018765] kernel:     TERM=linux
[    1.018766] kernel:     BOOT_IMAGE=/vmlinuz-6.8.0-83-generic
[    1.099172] kernel: hid: raw HID events driver (C) Jiri Kosina
[    1.112037] kernel: xhci_hcd 0000:00:0d.0: xHCI Host Controller
[    1.112080] kernel: xhci_hcd 0000:00:0d.0: new USB bus registered, assigned bus number 1
[    1.113256] kernel: xhci_hcd 0000:00:0d.0: hcc params 0x20007fc1 hci version 0x120 quirks 0x0000000200009810
[    1.113279] kernel: wmi_bus wmi_bus-PNP0C14:00: [Firmware Info]: DF4E63B6-3BBC-4858-9737-C74F82F821F3 has zero instances
[    1.113476] kernel: wmi_bus wmi_bus-PNP0C14:00: [Firmware Info]: 8F1F6436-9F42-42C8-BADC-0E9424F20C9A has zero instances
[    1.115534] kernel: intel-lpss 0000:00:15.0: enabling device (0000 -> 0002)
[    1.116761] kernel: ACPI: bus type thunderbolt registered
[    1.116803] kernel: xhci_hcd 0000:00:0d.0: xHCI Host Controller
[    1.116818] kernel: xhci_hcd 0000:00:0d.0: new USB bus registered, assigned bus number 2
[    1.116831] kernel: xhci_hcd 0000:00:0d.0: Host supports USB 3.2 Enhanced SuperSpeed
[    1.116922] kernel: usb usb1: New USB device found, idVendor=1d6b, idProduct=0002, bcdDevice= 6.08
[    1.116927] kernel: usb usb1: New USB device strings: Mfr=3, Product=2, SerialNumber=1
[    1.116929] kernel: usb usb1: Product: xHCI Host Controller
[    1.116930] kernel: usb usb1: Manufacturer: Linux 6.8.0-83-generic xhci-hcd
[    1.116932] kernel: usb usb1: SerialNumber: 0000:00:0d.0
[    1.117361] kernel: idma64 idma64.0: Found Intel integrated DMA 64-bit
[    1.118429] kernel: hub 1-0:1.0: USB hub found
[    1.118469] kernel: hub 1-0:1.0: 1 port detected
[    1.119894] kernel: usb usb2: New USB device found, idVendor=1d6b, idProduct=0003, bcdDevice= 6.08
[    1.119897] kernel: usb usb2: New USB device strings: Mfr=3, Product=2, SerialNumber=1
[    1.119897] kernel: usb usb2: Product: xHCI Host Controller
[    1.119898] kernel: usb usb2: Manufacturer: Linux 6.8.0-83-generic xhci-hcd
[    1.119899] kernel: usb usb2: SerialNumber: 0000:00:0d.0
[    1.120602] kernel: hub 2-0:1.0: USB hub found
[    1.120638] kernel: hub 2-0:1.0: 4 ports detected
[    1.122654] kernel: nvme 0000:01:00.0: platform quirk: setting simple suspend
[    1.122805] kernel: nvme nvme0: pci function 0000:01:00.0
[    1.128080] kernel: xhci_hcd 0000:00:14.0: xHCI Host Controller
[    1.128097] kernel: xhci_hcd 0000:00:14.0: new USB bus registered, assigned bus number 3
[    1.129239] kernel: xhci_hcd 0000:00:14.0: hcc params 0x20007fc1 hci version 0x120 quirks 0x0000000200009810
[    1.129684] kernel: xhci_hcd 0000:00:14.0: xHCI Host Controller
[    1.129691] kernel: xhci_hcd 0000:00:14.0: new USB bus registered, assigned bus number 4
[    1.129698] kernel: xhci_hcd 0000:00:14.0: Host supports USB 3.2 Enhanced SuperSpeed
[    1.129747] kernel: usb usb3: New USB device found, idVendor=1d6b, idProduct=0002, bcdDevice= 6.08
[    1.129749] kernel: usb usb3: New USB device strings: Mfr=3, Product=2, SerialNumber=1
[    1.129750] kernel: usb usb3: Product: xHCI Host Controller
[    1.129752] kernel: usb usb3: Manufacturer: Linux 6.8.0-83-generic xhci-hcd
[    1.129753] kernel: usb usb3: SerialNumber: 0000:00:14.0
[    1.129900] kernel: hub 3-0:1.0: USB hub found
[    1.129914] kernel: hub 3-0:1.0: 12 ports detected
[    1.134147] kernel: usb usb4: New USB device found, idVendor=1d6b, idProduct=0003, bcdDevice= 6.08
[    1.134150] kernel: usb usb4: New USB device strings: Mfr=3, Product=2, SerialNumber=1
[    1.134151] kernel: usb usb4: Product: xHCI Host Controller
[    1.134153] kernel: usb usb4: Manufacturer: Linux 6.8.0-83-generic xhci-hcd
[    1.134154] kernel: usb usb4: SerialNumber: 0000:00:14.0
[    1.134252] kernel: hub 4-0:1.0: USB hub found
[    1.134268] kernel: hub 4-0:1.0: 2 ports detected
[    1.135107] kernel: intel-lpss 0000:00:1e.0: enabling device (0000 -> 0002)
[    1.135506] kernel: idma64 idma64.1: Found Intel integrated DMA 64-bit
[    1.135659] kernel: intel-lpss 0000:00:1e.2: enabling device (0000 -> 0002)
[    1.136181] kernel: idma64 idma64.2: Found Intel integrated DMA 64-bit
[    1.153318] kernel: nvme nvme0: 14/0/0 default/read/poll queues
[    1.156915] kernel:  nvme0n1: p1 p2 p3
[    1.222206] kernel: input: ELAN07D9:00 04F3:31EC Mouse as /devices/pci0000:00/0000:00:15.0/i2c_designware.0/i2c-0/i2c-ELAN07D9:00/0018:04F3:31EC.0001/input/input4
[    1.222283] kernel: input: ELAN07D9:00 04F3:31EC Touchpad as /devices/pci0000:00/0000:00:15.0/i2c_designware.0/i2c-0/i2c-ELAN07D9:00/0018:04F3:31EC.0001/input/input6
[    1.222352] kernel: hid-generic 0018:04F3:31EC.0001: input,hidraw0: I2C HID v1.00 Mouse [ELAN07D9:00 04F3:31EC] on i2c-ELAN07D9:00
[    1.232615] kernel: dw-apb-uart.1: ttyS4 at MMIO 0x501931e000 (irq = 16, base_baud = 6250000) is a 16550A
[    1.278502] kernel: input: ELAN07D9:00 04F3:31EC Mouse as /devices/pci0000:00/0000:00:15.0/i2c_designware.0/i2c-0/i2c-ELAN07D9:00/0018:04F3:31EC.0001/input/input7
[    1.278584] kernel: input: ELAN07D9:00 04F3:31EC Touchpad as /devices/pci0000:00/0000:00:15.0/i2c_designware.0/i2c-0/i2c-ELAN07D9:00/0018:04F3:31EC.0001/input/input9
[    1.278647] kernel: hid-multitouch 0018:04F3:31EC.0001: input,hidraw0: I2C HID v1.00 Mouse [ELAN07D9:00 04F3:31EC] on i2c-ELAN07D9:00
[    1.370377] kernel: usb 3-5: new high-speed USB device number 2 using xhci_hcd
[    1.529219] kernel: usb 3-5: New USB device found, idVendor=05c8, idProduct=0614, bcdDevice= 0.02
[    1.529233] kernel: usb 3-5: New USB device strings: Mfr=1, Product=2, SerialNumber=3
[    1.529236] kernel: usb 3-5: Product: HP 5MP Camera
[    1.529238] kernel: usb 3-5: Manufacturer: Foxlink
[    1.529240] kernel: usb 3-5: SerialNumber: 01.00.00
[    1.656449] kernel: usb 3-10: new full-speed USB device number 3 using xhci_hcd
[    1.768706] kernel: ish-hid {33AECD58-B679-4E54-9BD9-A04D34F0C226}: [hid-ish]: enum_devices_done OK, num_hid_devices=1
[    1.773747] kernel: hid-generic 001F:8087:0AC2.0002: hidraw1: SENSOR HUB HID v2.00 Device [hid-ishtp 8087:0AC2] on 
[    1.776296] kernel: hid-sensor-hub 001F:8087:0AC2.0002: hidraw1: SENSOR HUB HID v2.00 Device [hid-ishtp 8087:0AC2] on 
[    1.786486] kernel: usb 3-10: New USB device found, idVendor=8087, idProduct=0033, bcdDevice= 0.00
[    1.786495] kernel: usb 3-10: New USB device strings: Mfr=0, Product=0, SerialNumber=0
[    1.849363] kernel: raid6: avx2x4   gen() 44871 MB/s
[    1.866363] kernel: raid6: avx2x2   gen() 49278 MB/s
[    1.883363] kernel: raid6: avx2x1   gen() 45889 MB/s
[    1.883364] kernel: raid6: using algorithm avx2x2 gen() 49278 MB/s
[    1.900363] kernel: raid6: .... xor() 34547 MB/s, rmw enabled
[    1.900364] kernel: raid6: using avx2x2 recovery algorithm
[    1.901660] kernel: xor: automatically using best checksumming function   avx       
[    1.902227] kernel: async_tx: api initialized (async)
[   53.603355] kernel: Btrfs loaded, zoned=yes, fsverity=yes
[   53.632792] kernel: PM: Image not found (code -22)
[   54.147419] kernel: EXT4-fs (dm-2): mounted filesystem a4a9fe41-6d18-447a-9a21-e74716cc09bc ro with ordered data mode. Quota mode: none.
[   54.244171] systemd[1]: Inserted module 'autofs4'
[   54.253455] systemd[1]: systemd 255.4-1ubuntu8.11 running in system mode (+PAM +AUDIT +SELINUX +APPARMOR +IMA +SMACK +SECCOMP +GCRYPT -GNUTLS +OPENSSL +ACL +BLKID +CURL +ELFUTILS +FIDO2 +IDN2 -IDN +IPTC +KMOD +LIBCRYPTSETUP +LIBFDISK +PCRE2 -PWQUALITY +P11KIT +QRENCODE +TPM2 +BZIP2 +LZ4 +XZ +ZLIB +ZSTD -BPF_FRAMEWORK -XKBCOMMON +UTMP +SYSVINIT default-hierarchy=unified)
[   54.253463] systemd[1]: Detected architecture x86-64.
[   54.254356] systemd[1]: Hostname set to <amigasa>.
[   54.393228] systemd[1]: Queued start job for default target graphical.target.
[   54.408987] systemd[1]: Created slice system-modprobe.slice - Slice /system/modprobe.
[   54.409157] systemd[1]: Created slice system-systemd\x2dcryptsetup.slice - Encrypted Volume Units Service Slice.
[   54.409279] systemd[1]: Created slice system-systemd\x2dfsck.slice - Slice /system/systemd-fsck.
[   54.409359] systemd[1]: Created slice user.slice - User and Session Slice.
[   54.409391] systemd[1]: Started ntpsec-systemd-netif.path.
[   54.409412] systemd[1]: Started systemd-ask-password-wall.path - Forward Password Requests to Wall Directory Watch.
[   54.409523] systemd[1]: Set up automount proc-sys-fs-binfmt_misc.automount - Arbitrary Executable File Formats File System Automount Point.
[   54.409532] systemd[1]: Expecting device dev-disk-by\x2did-dm\x2duuid\x2dLVM\x2dKgRcJMJNLJKGHrYEfYkvjLy8KZHWITryjYdodb9nU3FPOQdgQfT4DHW0zl2O03F7.device - /dev/disk/by-id/dm-uuid-LVM-KgRcJMJNLJKGHrYEfYkvjLy8KZHWITryjYdodb9nU3FPOQdgQfT4DHW0zl2O03F7...
[   54.409535] systemd[1]: Expecting device dev-disk-by\x2duuid-22e6fd66\x2d263a\x2d44ea\x2d97b4\x2de13f1e63b269.device - /dev/disk/by-uuid/22e6fd66-263a-44ea-97b4-e13f1e63b269...
[   54.409538] systemd[1]: Expecting device dev-disk-by\x2duuid-7153\x2d26B6.device - /dev/disk/by-uuid/7153-26B6...
[   54.409541] systemd[1]: Expecting device dev-disk-by\x2duuid-d5e73af9\x2deeb0\x2d489b\x2d9316\x2de09011249155.device - /dev/disk/by-uuid/d5e73af9-eeb0-489b-9316-e09011249155...
[   54.409553] systemd[1]: Reached target integritysetup.target - Local Integrity Protected Volumes.
[   54.409569] systemd[1]: Reached target slices.target - Slice Units.
[   54.409575] systemd[1]: Reached target snapd.mounts-pre.target - Mounting snaps.
[   54.409586] systemd[1]: Reached target time-set.target - System Time Set.
[   54.409603] systemd[1]: Reached target veritysetup.target - Local Verity Protected Volumes.
[   54.409650] systemd[1]: Listening on dm-event.socket - Device-mapper event daemon FIFOs.
[   54.409699] systemd[1]: Listening on lvm2-lvmpolld.socket - LVM2 poll daemon socket.
[   54.409736] systemd[1]: Listening on multipathd.socket - multipathd control socket.
[   54.414338] systemd[1]: Listening on rpcbind.socket - RPCbind Server Activation Socket.
[   54.414798] systemd[1]: Listening on syslog.socket - Syslog Socket.
[   54.414896] systemd[1]: Listening on systemd-fsckd.socket - fsck to fsckd communication Socket.
[   54.414947] systemd[1]: Listening on systemd-initctl.socket - initctl Compatibility Named Pipe.
[   54.415022] systemd[1]: Listening on systemd-journald-dev-log.socket - Journal Socket (/dev/log).
[   54.415104] systemd[1]: Listening on systemd-journald.socket - Journal Socket.
[   54.415248] systemd[1]: Listening on systemd-oomd.socket - Userspace Out-Of-Memory (OOM) Killer Socket.
[   54.415285] systemd[1]: systemd-pcrextend.socket - TPM2 PCR Extension (Varlink) was skipped because of an unmet condition check (ConditionSecurity=measured-uki).
[   54.415394] systemd[1]: Listening on systemd-udevd-control.socket - udev Control Socket.
[   54.415475] systemd[1]: Listening on systemd-udevd-kernel.socket - udev Kernel Socket.
[   54.416242] systemd[1]: Mounting dev-hugepages.mount - Huge Pages File System...
[   54.416701] systemd[1]: Mounting dev-mqueue.mount - POSIX Message Queue File System...
[   54.417048] systemd[1]: Mounting proc-fs-nfsd.mount - NFSD configuration filesystem...
[   54.418242] systemd[1]: Mounting sys-kernel-debug.mount - Kernel Debug File System...
[   54.418964] systemd[1]: Mounting sys-kernel-tracing.mount - Kernel Trace File System...
[   54.420030] systemd[1]: Starting systemd-journald.service - Journal Service...
[   54.420825] systemd[1]: Starting auth-rpcgss-module.service - Kernel Module supporting RPCSEC_GSS...
[   54.421832] systemd[1]: Starting keyboard-setup.service - Set the console keyboard layout...
[   54.422593] systemd[1]: Starting kmod-static-nodes.service - Create List of Static Device Nodes...
[   54.423226] systemd[1]: Starting lvm2-monitor.service - Monitoring of LVM2 mirrors, snapshots etc. using dmeventd or progress polling...
[   54.423932] systemd[1]: Starting modprobe@configfs.service - Load Kernel Module configfs...
[   54.424550] systemd[1]: Starting modprobe@dm_mod.service - Load Kernel Module dm_mod...
[   54.425181] systemd[1]: Starting modprobe@drm.service - Load Kernel Module drm...
[   54.425824] systemd[1]: Starting modprobe@efi_pstore.service - Load Kernel Module efi_pstore...
[   54.426464] systemd[1]: Starting modprobe@fuse.service - Load Kernel Module fuse...
[   54.427175] systemd[1]: Starting modprobe@loop.service - Load Kernel Module loop...
[   54.427375] systemd[1]: systemd-fsck-root.service - File System Check on Root Device was skipped because of an unmet condition check (ConditionPathExists=!/run/initramfs/fsck-root).
[   54.428459] systemd[1]: Starting systemd-modules-load.service - Load Kernel Modules...
[   54.428483] systemd[1]: systemd-pcrmachine.service - TPM2 PCR Machine ID Measurement was skipped because of an unmet condition check (ConditionSecurity=measured-uki).
[   54.428995] systemd[1]: Starting systemd-remount-fs.service - Remount Root and Kernel File Systems...
[   54.429032] systemd[1]: systemd-tpm2-setup-early.service - TPM2 SRK Setup (Early) was skipped because of an unmet condition check (ConditionSecurity=measured-uki).
[   54.429778] systemd[1]: Starting systemd-udev-trigger.service - Coldplug All udev Devices...
[   54.431023] systemd[1]: Mounted dev-hugepages.mount - Huge Pages File System.
[   54.431143] systemd[1]: Mounted dev-mqueue.mount - POSIX Message Queue File System.
[   54.431243] systemd[1]: Mounted sys-kernel-debug.mount - Kernel Debug File System.
[   54.431335] systemd[1]: Mounted sys-kernel-tracing.mount - Kernel Trace File System.
[   54.431564] systemd[1]: Finished kmod-static-nodes.service - Create List of Static Device Nodes.
[   54.431810] systemd[1]: modprobe@configfs.service: Deactivated successfully.
[   54.431904] systemd[1]: Finished modprobe@configfs.service - Load Kernel Module configfs.
[   54.432064] systemd[1]: modprobe@dm_mod.service: Deactivated successfully.
[   54.432122] systemd[1]: Finished modprobe@dm_mod.service - Load Kernel Module dm_mod.
[   54.432210] systemd[1]: modprobe@drm.service: Deactivated successfully.
[   54.432258] systemd[1]: Finished modprobe@drm.service - Load Kernel Module drm.
[   54.432339] systemd[1]: modprobe@fuse.service: Deactivated successfully.
[   54.432395] systemd[1]: Finished modprobe@fuse.service - Load Kernel Module fuse.
[   54.432498] systemd[1]: modprobe@loop.service: Deactivated successfully.
[   54.432561] systemd[1]: Finished modprobe@loop.service - Load Kernel Module loop.
[   54.434105] systemd-journald[1174]: Collecting audit messages is disabled.
[   54.435943] systemd[1]: Mounting sys-fs-fuse-connections.mount - FUSE Control File System...
[   54.436515] systemd[1]: Mounting sys-kernel-config.mount - Kernel Configuration File System...
[   54.436574] systemd[1]: systemd-repart.service - Repartition Root Disk was skipped because no trigger condition checks were met.
[   54.437436] systemd[1]: Starting systemd-tmpfiles-setup-dev-early.service - Create Static Device Nodes in /dev gracefully...
[   54.438866] systemd[1]: Mounted sys-fs-fuse-connections.mount - FUSE Control File System.
[   54.440096] systemd[1]: Mounted sys-kernel-config.mount - Kernel Configuration File System.
[   54.453339] kernel: pstore: Using crash dump compression: deflate
[   54.454977] kernel: pstore: Registered efi_pstore as persistent store backend
[   54.455113] systemd[1]: Finished keyboard-setup.service - Set the console keyboard layout.
[   54.455405] systemd[1]: modprobe@efi_pstore.service: Deactivated successfully.
[   54.455511] systemd[1]: Finished modprobe@efi_pstore.service - Load Kernel Module efi_pstore.
[   54.456894] kernel: lp: driver loaded but no devices found
[   54.457025] kernel: RPC: Registered named UNIX socket transport module.
[   54.457028] kernel: RPC: Registered udp transport module.
[   54.457029] kernel: RPC: Registered tcp transport module.
[   54.457029] kernel: RPC: Registered tcp-with-tls transport module.
[   54.457030] kernel: RPC: Registered tcp NFSv4.1 backchannel transport module.
[   54.459560] kernel: ppdev: user-space parallel port driver
[   54.462446] systemd[1]: Finished auth-rpcgss-module.service - Kernel Module supporting RPCSEC_GSS.
[   54.462455] kernel: EXT4-fs (dm-2): re-mounted a4a9fe41-6d18-447a-9a21-e74716cc09bc r/w. Quota mode: none.
[   54.463509] systemd[1]: Finished systemd-remount-fs.service - Remount Root and Kernel File Systems.
[   54.463734] systemd[1]: Finished systemd-tmpfiles-setup-dev-early.service - Create Static Device Nodes in /dev gracefully.
[   54.464491] systemd[1]: Starting multipathd.service - Device-Mapper Multipath Device Controller...
[   54.465047] systemd[1]: systemd-hwdb-update.service - Rebuild Hardware Database was skipped because of an unmet condition check (ConditionNeedsUpdate=/etc).
[   54.465090] systemd[1]: systemd-pstore.service - Platform Persistent Storage Archival was skipped because of an unmet condition check (ConditionDirectoryNotEmpty=/sys/fs/pstore).
[   54.465799] systemd[1]: Starting systemd-random-seed.service - Load/Save OS Random Seed...
[   54.465843] systemd[1]: systemd-sysusers.service - Create System Users was skipped because no trigger condition checks were met.
[   54.466547] systemd[1]: Starting systemd-tmpfiles-setup-dev.service - Create Static Device Nodes in /dev...
[   54.466564] systemd[1]: systemd-tpm2-setup.service - TPM2 SRK Setup was skipped because of an unmet condition check (ConditionSecurity=measured-uki).
[   54.466664] systemd[1]: Started systemd-journald.service - Journal Service.
[   54.476967] systemd-journald[1174]: Received client request to flush runtime journal.
[   54.477801] systemd-journald[1174]: File /var/log/journal/6fcb9249d84146c495a6e41bf6e94487/system.journal corrupted or uncleanly shut down, renaming and replacing.
[   54.498658] kernel: loop0: detected capacity change from 0 to 8
[   54.499869] kernel: loop1: detected capacity change from 0 to 674704
[   54.500056] kernel: loop2: detected capacity change from 0 to 674704
[   54.501969] kernel: loop3: detected capacity change from 0 to 130592
[   54.503113] kernel: loop4: detected capacity change from 0 to 151384
[   54.503285] kernel: loop5: detected capacity change from 0 to 130608
[   54.505444] kernel: loop6: detected capacity change from 0 to 136816
[   54.505550] kernel: loop7: detected capacity change from 0 to 151392
[   54.507976] kernel: loop8: detected capacity change from 0 to 136808
[   54.508273] kernel: loop9: detected capacity change from 0 to 507008
[   54.508642] kernel: loop10: detected capacity change from 0 to 504680
[   54.511819] kernel: loop11: detected capacity change from 0 to 1056784
[   54.512329] kernel: loop12: detected capacity change from 0 to 1057184
[   54.512674] kernel: loop13: detected capacity change from 0 to 1266192
[   54.513158] kernel: loop14: detected capacity change from 0 to 187776
[   54.514623] kernel: loop15: detected capacity change from 0 to 595504
[   54.515860] kernel: loop16: detected capacity change from 0 to 100952
[   54.517247] kernel: loop17: detected capacity change from 0 to 103976
[   54.517985] kernel: loop18: detected capacity change from 0 to 462872
[   54.518522] kernel: loop19: detected capacity change from 0 to 465408
[   54.623866] kernel: resource: resource sanity check: requesting [mem 0x00000000fedc0000-0x00000000fedcffff], which spans more than pnp 00:04 [mem 0xfedc0000-0xfedc7fff]
[   54.623874] kernel: caller igen6_probe+0x1c9/0x610 [igen6_edac] mapping multiple BARs
[   54.623968] kernel: EDAC MC0: Giving out device to module igen6_edac controller Intel_client_SoC MC#0: DEV 0000:00:00.0 (INTERRUPT)
[   54.624043] kernel: EDAC MC1: Giving out device to module igen6_edac controller Intel_client_SoC MC#1: DEV 0000:00:00.0 (INTERRUPT)
[   54.624070] kernel: EDAC igen6 MC1: HANDLING IBECC MEMORY ERROR
[   54.624072] kernel: EDAC igen6 MC1: ADDR 0x7fffffffe0 
[   54.624073] kernel: EDAC igen6 MC0: HANDLING IBECC MEMORY ERROR
[   54.624074] kernel: EDAC igen6 MC0: ADDR 0x7fffffffe0 
[   54.625111] kernel: EDAC igen6: v2.5.1
[   54.626003] kernel: input: Intel HID events as /devices/platform/INTC1077:00/input/input10
[   54.628746] kernel: Consider using thermal netlink events interface
[   54.630758] kernel: intel_vsec 0000:00:0a.0: enabling device (0000 -> 0002)
[   54.649002] kernel: pci 0000:00:08.0: Setting to D3hot
[   54.654187] kernel: intel-hid INTC1077:00: platform supports 5 button array
[   54.656980] kernel: input: Intel HID 5 button array as /devices/platform/INTC1077:00/input/input11
[   54.660414] kernel: pci 0000:00:0b.0: Setting to D3hot
[   54.672408] kernel: pci 0000:00:14.2: enabling device (0000 -> 0002)
[   54.672774] kernel: intel_vpu 0000:00:0b.0: enabling device (0000 -> 0002)
[   54.673609] kernel: proc_thermal_pci 0000:00:04.0: enabling device (0000 -> 0002)
[   54.676250] kernel: intel_rapl_common: Found RAPL domain package
[   54.680554] kernel: intel_vpu 0000:00:0b.0: [drm] Firmware: intel/vpu/vpu_37xx_v0.0.bin, version: 20230726*MTL_CLIENT_SILICON-release*2101*ci_tag_mtl_pv_vpu_rc_20230726_2101*648a666b8b9
[   54.699341] kernel: intel_pmc_core INT33A1:00: Assuming a default substate order for this platform
[   54.699477] kernel: intel_pmc_core INT33A1:00:  initialized
[   54.699592] kernel: cfg80211: Loading compiled-in X.509 certificates for regulatory database
[   54.699839] kernel: Loaded X.509 cert 'sforshee: 00b28ddf47aef9cea7'
[   54.700001] kernel: Loaded X.509 cert 'wens: 61c038651aabdcf94bd0ac7ff06c7248db18c600'
[   54.700370] kernel: i801_smbus 0000:00:1f.4: SPD Write Disable is set
[   54.700426] kernel: i801_smbus 0000:00:1f.4: SMBus using PCI interrupt
[   54.700843] kernel: mc: Linux media interface: v0.10
[   54.701285] kernel: Serial bus multi instantiate pseudo device driver CSC3551:00: Instantiated 2 SPI devices.
[   54.708141] kernel: Adding 1048572k swap on /dev/mapper/ubuntu--vg-swap.  Priority:-2 extents:1 across:1048572k SS
[   54.710034] kernel: hp_wmi: query 0x4 returned error 0x5
[   54.714161] kernel: i2c i2c-1: 1/2 memory slots populated (from DMI)
[   54.714165] kernel: i2c i2c-1: Memory type 0x22 not supported yet, not instantiating SPD
[   54.728087] kernel: input: HP WMI hotkeys as /devices/virtual/input/input12
[   54.735955] kernel: Intel(R) Wireless WiFi driver for Linux
[   54.736057] kernel: iwlwifi 0000:00:14.3: enabling device (0000 -> 0002)
[   54.742706] kernel: iwlwifi 0000:00:14.3: Detected crf-id 0x400410, cnv-id 0x1080800 wfpm id 0x80005b20
[   54.742718] kernel: iwlwifi 0000:00:14.3: PCI dev 7e40/0094, rev=0x441, rfid=0x2010d000
[   54.747499] kernel: iwlwifi 0000:00:14.3: TLV_FW_FSEQ_VERSION: FSEQ Version: 0.0.3.90
[   54.747958] kernel: iwlwifi 0000:00:14.3: loaded firmware version 86.fb5c9aeb.0 ma-b0-gf-a0-86.ucode op_mode iwlmvm
[   54.756508] kernel: Bluetooth: Core ver 2.22
[   54.756530] kernel: NET: Registered PF_BLUETOOTH protocol family
[   54.756531] kernel: Bluetooth: HCI device and connection manager initialized
[   54.756534] kernel: Bluetooth: HCI socket layer initialized
[   54.756536] kernel: Bluetooth: L2CAP socket layer initialized
[   54.756539] kernel: Bluetooth: SCO socket layer initialized
[   54.758331] kernel: videodev: Linux video capture interface: v2.00
[   54.763125] kernel: RAPL PMU: API unit is 2^-32 Joules, 4 fixed counters, 655360 ms ovfl timer
[   54.763132] kernel: RAPL PMU: hw unit of domain pp0-core 2^-14 Joules
[   54.763133] kernel: RAPL PMU: hw unit of domain package 2^-14 Joules
[   54.763133] kernel: RAPL PMU: hw unit of domain pp1-gpu 2^-14 Joules
[   54.763134] kernel: RAPL PMU: hw unit of domain psys 2^-14 Joules
[   54.765454] kernel: [drm] Initialized intel_vpu 1.0.0 20230117 for 0000:00:0b.0 on minor 0
[   54.777150] kernel: usbcore: registered new interface driver btusb
[   54.779150] kernel: Bluetooth: hci0: Device revision is 0
[   54.779154] kernel: Bluetooth: hci0: Secure boot is enabled
[   54.779155] kernel: Bluetooth: hci0: OTP lock is enabled
[   54.779156] kernel: Bluetooth: hci0: API lock is enabled
[   54.779157] kernel: Bluetooth: hci0: Debug lock is disabled
[   54.779157] kernel: Bluetooth: hci0: Minimum firmware build 1 week 10 2014
[   54.779159] kernel: Bluetooth: hci0: Bootloader timestamp 2022.18 buildtype 1 build 49266
[   54.779212] kernel: ACPI Warning: \_SB.PC00.XHCI.RHUB.HS10._DSM: Argument #4 type mismatch - Found [Integer], ACPI requires [Package] (20230628/nsarguments-61)
[   54.779621] kernel: Bluetooth: hci0: DSM reset method type: 0x00
[   54.779670] kernel: usb 3-5: Found UVC 1.50 device HP 5MP Camera (05c8:0614)
[   54.784278] kernel: Bluetooth: hci0: Found device firmware: intel/ibt-0180-0041.sfi
[   54.784307] kernel: Bluetooth: hci0: Boot Address: 0x100800
[   54.784308] kernel: Bluetooth: hci0: Firmware Version: 39-48.23
[   54.814658] kernel: cs35l41-hda spi0-CSC3551:00-cs35l41-hda.0: Cirrus Logic CS35L41 (35a40), Revision: B2
[   54.815357] kernel: cs35l41-hda spi0-CSC3551:00-cs35l41-hda.1: Reset line busy, assuming shared reset
[   54.818554] kernel: usbcore: registered new interface driver uvcvideo
[   54.838992] kernel: cs35l41-hda spi0-CSC3551:00-cs35l41-hda.1: Cirrus Logic CS35L41 (35a40), Revision: B2
[   55.072974] kernel: i915 0000:00:02.0: [drm] VT-d active for gfx access
[   55.081906] kernel: intel_rapl_msr: PL4 support detected.
[   55.081970] kernel: intel_rapl_common: Found RAPL domain package
[   55.081971] kernel: intel_rapl_common: Found RAPL domain core
[   55.081972] kernel: intel_rapl_common: Found RAPL domain uncore
[   55.081974] kernel: intel_rapl_common: Found RAPL domain psys
[   55.089279] kernel: Creating 1 MTD partitions on "0000:00:1f.5":
[   55.089286] kernel: 0x000000000000-0x000002000000 : "BIOS"
[   55.093728] kernel: i915 0000:00:02.0: vgaarb: deactivate vga console
[   55.093773] kernel: i915 0000:00:02.0: [drm] Using Transparent Hugepages
[   55.094301] kernel: i915 0000:00:02.0: [drm] *ERROR* Unexpected child device config size 40 (expected 39 for VBT version 258)
[   55.106209] kernel: iwlwifi 0000:00:14.3: BIOS contains WGDS but no WRDS
[   55.106293] kernel: iwlwifi 0000:00:14.3: Detected Intel(R) Wi-Fi 6E AX211 160MHz, REV=0x441
[   55.106375] kernel: thermal thermal_zone18: failed to read out thermal zone (-61)
[   55.106463] kernel: i915 0000:00:02.0: vgaarb: VGA decodes changed: olddecodes=io+mem,decodes=io+mem:owns=io+mem
[   55.116290] kernel: i915 0000:00:02.0: [drm] Finished loading DMC firmware i915/mtl_dmc.bin (v2.21)
[   55.123169] kernel: snd_hda_intel 0000:00:1f.3: DSP detected with PCI class/subclass/prog-if info 0x040100
[   55.123185] kernel: snd_hda_intel 0000:00:1f.3: Digital mics found on Skylake+ platform, using SOF driver
[   55.154565] kernel: i915 0000:00:02.0: [drm] GT0: GuC firmware i915/mtl_guc_70.bin version 70.36.0
[   55.160610] kernel: sof-audio-pci-intel-mtl 0000:00:1f.3: DSP detected with PCI class/subclass/prog-if info 0x040100
[   55.160634] kernel: sof-audio-pci-intel-mtl 0000:00:1f.3: Digital mics found on Skylake+ platform, using SOF driver
[   55.160643] kernel: sof-audio-pci-intel-mtl 0000:00:1f.3: enabling device (0000 -> 0002)
[   55.160849] kernel: sof-audio-pci-intel-mtl 0000:00:1f.3: DSP detected with PCI class/subclass/prog-if 0x040100
[   55.165068] kernel: i915 0000:00:02.0: [drm] GT0: GUC: submission enabled
[   55.165072] kernel: i915 0000:00:02.0: [drm] GT0: GUC: SLPC enabled
[   55.165268] kernel: i915 0000:00:02.0: [drm] GT0: GUC: RC enabled
[   55.173476] kernel: mei_gsc_proxy 0000:00:16.0-0f73db04-97ab-4125-b893-e904ad0d5464: bound 0000:00:02.0 (ops i915_gsc_proxy_component_ops [i915])
[   55.173810] kernel: i915 0000:00:02.0: [drm] GT1: GuC firmware i915/mtl_guc_70.bin version 70.36.0
[   55.173814] kernel: i915 0000:00:02.0: [drm] GT1: HuC firmware i915/mtl_huc_gsc.bin version 8.5.4
[   55.196369] kernel: i915 0000:00:02.0: [drm] GT1: HuC: authenticated for clear media
[   55.196693] kernel: i915 0000:00:02.0: [drm] GT1: GUC: submission enabled
[   55.196694] kernel: i915 0000:00:02.0: [drm] GT1: GUC: SLPC enabled
[   55.196762] kernel: i915 0000:00:02.0: [drm] GT1: GUC: RC enabled
[   55.199996] kernel: i915 0000:00:02.0: [drm] Protected Xe Path (PXP) protected content support initialized
[   55.273444] kernel: iwlwifi 0000:00:14.3: Not valid error log pointer 0x0027B0C0 for RT uCode
[   55.273467] kernel: iwlwifi 0000:00:14.3: WFPM_UMAC_PD_NOTIFICATION: 0x1f
[   55.273476] kernel: iwlwifi 0000:00:14.3: WFPM_LMAC2_PD_NOTIFICATION: 0x1f
[   55.273484] kernel: iwlwifi 0000:00:14.3: WFPM_AUTH_KEY_0: 0x80
[   55.273492] kernel: iwlwifi 0000:00:14.3: CNVI_SCU_SEQ_DATA_DW9: 0x0
[   55.274322] kernel: iwlwifi 0000:00:14.3: RFIm is deactivated, reason = 4
[   55.282071] kernel: iwlwifi 0000:00:14.3: loaded PNVM version 581d4936
[   55.297281] kernel: iwlwifi 0000:00:14.3: Detected RF GF, rfid=0x2010d000
[   55.345119] kernel: i915 0000:00:02.0: [drm] GT1: Loaded GSC firmware i915/mtl_gsc_1.bin (cv1.0, r102.1.15.1926, svn 1)
[   55.362031] kernel: iwlwifi 0000:00:14.3: base HW address: c8:58:b3:2a:2e:02
[   55.365274] kernel: i915 0000:00:02.0: [drm] GT1: HuC: authenticated for all workloads
[   55.374437] kernel: thermal thermal_zone18: failed to read out thermal zone (-61)
[   55.385691] kernel: iwlwifi 0000:00:14.3 wlp0s20f3: renamed from wlan0
[   55.454400] kernel: EXT4-fs (nvme0n1p2): mounted filesystem d5e73af9-eeb0-489b-9316-e09011249155 r/w with ordered data mode. Quota mode: none.
[   55.491480] kernel: audit: type=1400 audit(1761268197.060:2): apparmor="STATUS" operation="profile_load" profile="unconfined" name="cam" pid=1617 comm="apparmor_parser"
[   55.491484] kernel: audit: type=1400 audit(1761268197.060:3): apparmor="STATUS" operation="profile_load" profile="unconfined" name="ch-run" pid=1619 comm="apparmor_parser"
[   55.491485] kernel: audit: type=1400 audit(1761268197.060:4): apparmor="STATUS" operation="profile_load" profile="unconfined" name="vscode" pid=1621 comm="apparmor_parser"
[   55.491505] kernel: audit: type=1400 audit(1761268197.060:5): apparmor="STATUS" operation="profile_load" profile="unconfined" name="buildah" pid=1615 comm="apparmor_parser"
[   55.491530] kernel: audit: type=1400 audit(1761268197.060:6): apparmor="STATUS" operation="profile_load" profile="unconfined" name="balena-etcher" pid=1613 comm="apparmor_parser"
[   55.491556] kernel: audit: type=1400 audit(1761268197.060:7): apparmor="STATUS" operation="profile_load" profile="unconfined" name="apptainer" pid=1612 comm="apparmor_parser"
[   55.491583] kernel: audit: type=1400 audit(1761268197.060:8): apparmor="STATUS" operation="profile_load" profile="unconfined" name="QtWebEngineProcess" pid=1611 comm="apparmor_parser"
[   55.491605] kernel: audit: type=1400 audit(1761268197.060:9): apparmor="STATUS" operation="profile_load" profile="unconfined" name=4D6F6E676F444220436F6D70617373 pid=1610 comm="apparmor_parser"
[   55.491632] kernel: audit: type=1400 audit(1761268197.060:10): apparmor="STATUS" operation="profile_load" profile="unconfined" name="chrome" pid=1620 comm="apparmor_parser"
[   55.491790] kernel: audit: type=1400 audit(1761268197.060:11): apparmor="STATUS" operation="profile_load" profile="unconfined" name="busybox" pid=1616 comm="apparmor_parser"
[   55.684857] kernel: Bluetooth: BNEP (Ethernet Emulation) ver 1.3
[   55.684863] kernel: Bluetooth: BNEP filters: protocol multicast
[   55.684867] kernel: Bluetooth: BNEP socket layer initialized
[   55.721391] kernel: block nvme0n1: No UUID available providing old NGUID
[   55.766017] kernel: NET: Registered PF_QIPCRTR protocol family
[   55.800452] kernel: loop20: detected capacity change from 0 to 8
[   56.317028] kernel: Bluetooth: hci0: Waiting for firmware download to complete
[   56.317109] kernel: Bluetooth: hci0: Firmware loaded in 1496900 usecs
[   56.317155] kernel: Bluetooth: hci0: Waiting for device to boot
[   56.328331] kernel: [drm] Initialized i915 1.6.0 20230929 for 0000:00:02.0 on minor 1
[   56.331073] kernel: ACPI: video: Video Device [GFX0] (multi-head: yes  rom: no  post: no)
[   56.331390] kernel: input: Video Bus as /devices/LNXSYSTM:00/LNXSYBUS:00/PNP0A08:00/LNXVIDEO:00/input/input13
[   56.331494] kernel: i915 display info: display version: 14
[   56.331496] kernel: i915 display info: cursor_needs_physical: no
[   56.331496] kernel: i915 display info: has_cdclk_crawl: yes
[   56.331497] kernel: i915 display info: has_cdclk_squash: yes
[   56.331497] kernel: i915 display info: has_ddi: yes
[   56.331498] kernel: i915 display info: has_dp_mst: yes
[   56.331498] kernel: i915 display info: has_dsb: yes
[   56.331499] kernel: i915 display info: has_fpga_dbg: yes
[   56.331499] kernel: i915 display info: has_gmch: no
[   56.331499] kernel: i915 display info: has_hotplug: yes
[   56.331500] kernel: i915 display info: has_hti: no
[   56.331500] kernel: i915 display info: has_ipc: yes
[   56.331501] kernel: i915 display info: has_overlay: no
[   56.331501] kernel: i915 display info: has_psr: yes
[   56.331501] kernel: i915 display info: has_psr_hw_tracking: no
[   56.331502] kernel: i915 display info: overlay_needs_physical: no
[   56.331502] kernel: i915 display info: supports_tv: no
[   56.331503] kernel: i915 display info: has_hdcp: yes
[   56.331503] kernel: i915 display info: has_dmc: yes
[   56.331504] kernel: i915 display info: has_dsc: yes
[   56.331504] kernel: i915 display info: rawclk rate: 38400 kHz
[   56.331587] kernel: snd_hda_intel 0000:00:1f.3: DSP detected with PCI class/subclass/prog-if info 0x040100
[   56.331617] kernel: snd_hda_intel 0000:00:1f.3: Digital mics found on Skylake+ platform, using SOF driver
[   56.331629] kernel: sof-audio-pci-intel-mtl 0000:00:1f.3: DSP detected with PCI class/subclass/prog-if info 0x040100
[   56.331639] kernel: sof-audio-pci-intel-mtl 0000:00:1f.3: Digital mics found on Skylake+ platform, using SOF driver
[   56.331932] kernel: sof-audio-pci-intel-mtl 0000:00:1f.3: DSP detected with PCI class/subclass/prog-if 0x040100
[   56.333137] kernel: sof-audio-pci-intel-mtl 0000:00:1f.3: bound 0000:00:02.0 (ops i915_audio_component_bind_ops [i915])
[   56.335456] kernel: fbcon: i915drmfb (fb0) is primary device
[   56.335459] kernel: fbcon: Deferring console take-over
[   56.335460] kernel: i915 0000:00:02.0: [drm] fb0: i915drmfb frame buffer device
[   56.340261] kernel: sof-audio-pci-intel-mtl 0000:00:1f.3: use msi interrupt mode
[   56.359129] kernel: Bluetooth: hci0: Device booted in 41012 usecs
[   56.359503] kernel: Bluetooth: hci0: Found Intel DDC parameters: intel/ibt-0180-0041.ddc
[   56.362125] kernel: Bluetooth: hci0: Applying Intel DDC parameters completed
[   56.364389] kernel: sof-audio-pci-intel-mtl 0000:00:1f.3: hda codecs found, mask 5
[   56.364393] kernel: sof-audio-pci-intel-mtl 0000:00:1f.3: using HDA machine driver skl_hda_dsp_generic now
[   56.364398] kernel: sof-audio-pci-intel-mtl 0000:00:1f.3: DMICs detected in NHLT tables: 2
[   56.365160] kernel: Bluetooth: hci0: Firmware timestamp 2023.48 buildtype 1 build 94759
[   56.365164] kernel: Bluetooth: hci0: Firmware SHA1: 0x23bac558
[   56.366695] kernel: iwlwifi 0000:00:14.3: Not valid error log pointer 0x0027B0C0 for RT uCode
[   56.366718] kernel: iwlwifi 0000:00:14.3: WFPM_UMAC_PD_NOTIFICATION: 0x1f
[   56.366725] kernel: iwlwifi 0000:00:14.3: WFPM_LMAC2_PD_NOTIFICATION: 0x1f
[   56.366731] kernel: iwlwifi 0000:00:14.3: WFPM_AUTH_KEY_0: 0x80
[   56.366738] kernel: iwlwifi 0000:00:14.3: CNVI_SCU_SEQ_DATA_DW9: 0x0
[   56.367602] kernel: iwlwifi 0000:00:14.3: RFIm is deactivated, reason = 4
[   56.369203] kernel: sof-audio-pci-intel-mtl 0000:00:1f.3: Firmware paths/files for ipc type 1:
[   56.369207] kernel: sof-audio-pci-intel-mtl 0000:00:1f.3:  Firmware file:     intel/sof-ipc4/mtl/sof-mtl.ri
[   56.369209] kernel: sof-audio-pci-intel-mtl 0000:00:1f.3:  Firmware lib path: intel/sof-ipc4-lib/mtl
[   56.369210] kernel: sof-audio-pci-intel-mtl 0000:00:1f.3:  Topology file:     intel/sof-ace-tplg/sof-hda-generic-2ch.tplg
[   56.371653] kernel: sof-audio-pci-intel-mtl 0000:00:1f.3: Loaded firmware library: ADSPFW, version: 2.13.0.1
[   56.454790] kernel: iwlwifi 0000:00:14.3: Registered PHC clock: iwlwifi-PTP, with index: 0
[   56.464277] kernel: Bluetooth: MGMT ver 1.22
[   56.482185] kernel: NET: Registered PF_ALG protocol family
[   56.503281] kernel: sof-audio-pci-intel-mtl 0000:00:1f.3: Booted firmware version: 2.13.0.1
[   56.511992] kernel: sof-audio-pci-intel-mtl 0000:00:1f.3: Topology: ABI 3:29:1 Kernel ABI 3:23:0
[   56.512350] kernel: skl_hda_dsp_generic skl_hda_dsp_generic: ASoC: Parent card not yet available, widget card binding deferred
[   56.537205] kernel: cs35l41-hda spi0-CSC3551:00-cs35l41-hda.0: DSP1: Firmware version: 3
[   56.537211] kernel: cs35l41-hda spi0-CSC3551:00-cs35l41-hda.0: DSP1: cirrus/cs35l41-dsp1-spk-prot-103c8c47.wmfw: Fri 31 Mar 2023 10:42:49 W. Europe Daylight Time
[   56.609256] kernel: cs35l41-hda spi0-CSC3551:00-cs35l41-hda.0: DSP1: Firmware: 400a4 vendor: 0x2 v0.65.0, 2 algorithms
[   56.609712] kernel: cs35l41-hda spi0-CSC3551:00-cs35l41-hda.0: DSP1: cirrus/cs35l41-dsp1-spk-prot-103c8c47.bin: v0.65.0
[   56.609720] kernel: cs35l41-hda spi0-CSC3551:00-cs35l41-hda.0: DSP1: spk-prot: C:\Users\gchen\Desktop\HP_Proj\HP_Warg14_103C8B45_220930_exported_tuning\6.61.1\tuning\230609\103C8C47_230609_V01_A01.bin
[   56.632066] kernel: cs35l41-hda spi0-CSC3551:00-cs35l41-hda.0: CS35L41 Bound - SSID: 103C8C47, BST: 1, VSPK: 0, CH: R, FW EN: 1, SPKID: -19
[   56.632076] kernel: snd_hda_codec_realtek ehdaudio0D0: bound spi0-CSC3551:00-cs35l41-hda.0 (ops cs35l41_hda_comp_ops [snd_hda_scodec_cs35l41])
[   56.632935] kernel: cs35l41-hda spi0-CSC3551:00-cs35l41-hda.1: DSP1: Firmware version: 3
[   56.632940] kernel: cs35l41-hda spi0-CSC3551:00-cs35l41-hda.1: DSP1: cirrus/cs35l41-dsp1-spk-prot-103c8c47.wmfw: Fri 31 Mar 2023 10:42:49 W. Europe Daylight Time
[   56.693963] kernel: cs35l41-hda spi0-CSC3551:00-cs35l41-hda.1: DSP1: Firmware: 400a4 vendor: 0x2 v0.65.0, 2 algorithms
[   56.694399] kernel: cs35l41-hda spi0-CSC3551:00-cs35l41-hda.1: DSP1: cirrus/cs35l41-dsp1-spk-prot-103c8c47.bin: v0.65.0
[   56.694405] kernel: cs35l41-hda spi0-CSC3551:00-cs35l41-hda.1: DSP1: spk-prot: C:\Users\gchen\Desktop\HP_Proj\HP_Warg14_103C8B45_220930_exported_tuning\6.61.1\tuning\230609\103C8C47_230609_V01_A01.bin
[   56.717305] kernel: cs35l41-hda spi0-CSC3551:00-cs35l41-hda.1: CS35L41 Bound - SSID: 103C8C47, BST: 1, VSPK: 1, CH: L, FW EN: 1, SPKID: -19
[   56.717317] kernel: snd_hda_codec_realtek ehdaudio0D0: bound spi0-CSC3551:00-cs35l41-hda.1 (ops cs35l41_hda_comp_ops [snd_hda_scodec_cs35l41])
[   56.750159] kernel: snd_hda_codec_realtek ehdaudio0D0: autoconfig for ALC245: line_outs=1 (0x17/0x0/0x0/0x0/0x0) type:speaker
[   56.750166] kernel: snd_hda_codec_realtek ehdaudio0D0:    speaker_outs=0 (0x0/0x0/0x0/0x0/0x0)
[   56.750168] kernel: snd_hda_codec_realtek ehdaudio0D0:    hp_outs=1 (0x21/0x0/0x0/0x0/0x0)
[   56.750169] kernel: snd_hda_codec_realtek ehdaudio0D0:    mono: mono_out=0x0
[   56.750171] kernel: snd_hda_codec_realtek ehdaudio0D0:    inputs:
[   56.750172] kernel: snd_hda_codec_realtek ehdaudio0D0:      Mic=0x19
[   56.788824] kernel: skl_hda_dsp_generic skl_hda_dsp_generic: hda_dsp_hdmi_build_controls: no PCM in topology for HDMI converter 3
[   56.805188] kernel: input: sof-hda-dsp Mic as /devices/pci0000:00/0000:00:1f.3/skl_hda_dsp_generic/sound/card0/input14
[   56.805238] kernel: input: sof-hda-dsp Headphone as /devices/pci0000:00/0000:00:1f.3/skl_hda_dsp_generic/sound/card0/input15
